iter 0: meanE=2321.9 medE=2139.5 fail=0.00%
iter 1: meanE=29065.3 medE=1946.8 fail=46.00%
iter 2: meanE=5350.6 medE=1181.5 fail=3.00%
iter 3: meanE=61887.9 medE=5505.6 fail=53.00%
iter 4: meanE=3113.4 medE=1924.5 fail=13.00%
iter 5: meanE=146680.1 medE=8202.5 fail=59.00%
iter 6: meanE=454745.0 medE=363424.8 fail=99.00%
iter 7: meanE=33752.3 medE=2936.0 fail=12.00%
/home/baraa-lazkani/control_paper/experiments/.venv/lib/python3.12/site-packages/sklearn/gaussian_process/kernels.py:455: ConvergenceWarning: The optimal value found for dimension 1 of parameter k1__k2__length_scale is close to the specified upper bound 2.0. Increasing the bound and calling fit again may find a better value.
  warnings.warn(
/home/baraa-lazkani/control_paper/experiments/.venv/lib/python3.12/site-packages/sklearn/gaussian_process/kernels.py:455: ConvergenceWarning: The optimal value found for dimension 2 of parameter k1__k2__length_scale is close to the specified upper bound 2.0. Increasing the bound and calling fit again may find a better value.
  warnings.warn(
/home/baraa-lazkani/control_paper/experiments/.venv/lib/python3.12/site-packages/sklearn/gaussian_process/kernels.py:455: ConvergenceWarning: The optimal value found for dimension 3 of parameter k1__k2__length_scale is close to the specified upper bound 2.0. Increasing the bound and calling fit again may find a better value.
  warnings.warn(
/home/baraa-lazkani/control_paper/experiments/.venv/lib/python3.12/site-packages/sklearn/gaussian_process/kernels.py:455: ConvergenceWarning: The optimal value found for dimension 4 of parameter k1__k2__length_scale is close to the specified upper bound 2.0. Increasing the bound and calling fit again may find a better value.
  warnings.warn(
/home/baraa-lazkani/control_paper/experiments/.venv/lib/python3.12/site-packages/sklearn/gaussian_process/kernels.py:455: ConvergenceWarning: The optimal value found for dimension 5 of parameter k1__k2__length_scale is close to the specified upper bound 2.0. Increasing the bound and calling fit again may find a better value.
  warnings.warn(
/home/baraa-lazkani/control_paper/experiments/.venv/lib/python3.12/site-packages/sklearn/gaussian_process/kernels.py:445: ConvergenceWarning: The optimal value found for dimension 0 of parameter k2__noise_level is close to the specified lower bound 1e-08. Decreasing the bound and calling fit again may find a better value.
  warnings.warn(
iter 8: meanE=1996.7 medE=1455.4 fail=2.00%
/home/baraa-lazkani/control_paper/experiments/.venv/lib/python3.12/site-packages/sklearn/gaussian_process/kernels.py:455: ConvergenceWarning: The optimal value found for dimension 1 of parameter k1__k2__length_scale is close to the specified upper bound 2.0. Increasing the bound and calling fit again may find a better value.
  warnings.warn(
/home/baraa-lazkani/control_paper/experiments/.venv/lib/python3.12/site-packages/sklearn/gaussian_process/kernels.py:455: ConvergenceWarning: The optimal value found for dimension 2 of parameter k1__k2__length_scale is close to the specified upper bound 2.0. Increasing the bound and calling fit again may find a better value.
  warnings.warn(
/home/baraa-lazkani/control_paper/experiments/.venv/lib/python3.12/site-packages/sklearn/gaussian_process/kernels.py:455: ConvergenceWarning: The optimal value found for dimension 3 of parameter k1__k2__length_scale is close to the specified upper bound 2.0. Increasing the bound and calling fit again may find a better value.
  warnings.warn(
/home/baraa-lazkani/control_paper/experiments/.venv/lib/python3.12/site-packages/sklearn/gaussian_process/kernels.py:455: ConvergenceWarning: The optimal value found for dimension 4 of parameter k1__k2__length_scale is close to the specified upper bound 2.0. Increasing the bound and calling fit again may find a better value.
  warnings.warn(
/home/baraa-lazkani/control_paper/experiments/.venv/lib/python3.12/site-packages/sklearn/gaussian_process/kernels.py:455: ConvergenceWarning: The optimal value found for dimension 5 of parameter k1__k2__length_scale is close to the specified upper bound 2.0. Increasing the bound and calling fit again may find a better value.
  warnings.warn(
/home/baraa-lazkani/control_paper/experiments/.venv/lib/python3.12/site-packages/sklearn/gaussian_process/kernels.py:445: ConvergenceWarning: The optimal value found for dimension 0 of parameter k2__noise_level is close to the specified lower bound 1e-08. Decreasing the bound and calling fit again may find a better value.
  warnings.warn(
iter 9: meanE=27320.1 medE=4037.1 fail=9.00%
/home/baraa-lazkani/control_paper/experiments/.venv/lib/python3.12/site-packages/sklearn/gaussian_process/kernels.py:455: ConvergenceWarning: The optimal value found for dimension 1 of parameter k1__k2__length_scale is close to the specified upper bound 2.0. Increasing the bound and calling fit again may find a better value.
  warnings.warn(
/home/baraa-lazkani/control_paper/experiments/.venv/lib/python3.12/site-packages/sklearn/gaussian_process/kernels.py:455: ConvergenceWarning: The optimal value found for dimension 2 of parameter k1__k2__length_scale is close to the specified upper bound 2.0. Increasing the bound and calling fit again may find a better value.
  warnings.warn(
/home/baraa-lazkani/control_paper/experiments/.venv/lib/python3.12/site-packages/sklearn/gaussian_process/kernels.py:455: ConvergenceWarning: The optimal value found for dimension 3 of parameter k1__k2__length_scale is close to the specified upper bound 2.0. Increasing the bound and calling fit again may find a better value.
  warnings.warn(
/home/baraa-lazkani/control_paper/experiments/.venv/lib/python3.12/site-packages/sklearn/gaussian_process/kernels.py:455: ConvergenceWarning: The optimal value found for dimension 4 of parameter k1__k2__length_scale is close to the specified upper bound 2.0. Increasing the bound and calling fit again may find a better value.
  warnings.warn(
/home/baraa-lazkani/control_paper/experiments/.venv/lib/python3.12/site-packages/sklearn/gaussian_process/kernels.py:455: ConvergenceWarning: The optimal value found for dimension 5 of parameter k1__k2__length_scale is close to the specified upper bound 2.0. Increasing the bound and calling fit again may find a better value.
  warnings.warn(
/home/baraa-lazkani/control_paper/experiments/.venv/lib/python3.12/site-packages/sklearn/gaussian_process/kernels.py:445: ConvergenceWarning: The optimal value found for dimension 0 of parameter k2__noise_level is close to the specified lower bound 1e-08. Decreasing the bound and calling fit again may find a better value.
  warnings.warn(
iter 10: meanE=669.8 medE=601.8 fail=0.00%
/home/baraa-lazkani/control_paper/experiments/.venv/lib/python3.12/site-packages/sklearn/gaussian_process/kernels.py:455: ConvergenceWarning: The optimal value found for dimension 1 of parameter k1__k2__length_scale is close to the specified upper bound 2.0. Increasing the bound and calling fit again may find a better value.
  warnings.warn(
/home/baraa-lazkani/control_paper/experiments/.venv/lib/python3.12/site-packages/sklearn/gaussian_process/kernels.py:455: ConvergenceWarning: The optimal value found for dimension 2 of parameter k1__k2__length_scale is close to the specified upper bound 2.0. Increasing the bound and calling fit again may find a better value.
  warnings.warn(
/home/baraa-lazkani/control_paper/experiments/.venv/lib/python3.12/site-packages/sklearn/gaussian_process/kernels.py:455: ConvergenceWarning: The optimal value found for dimension 3 of parameter k1__k2__length_scale is close to the specified upper bound 2.0. Increasing the bound and calling fit again may find a better value.
  warnings.warn(
/home/baraa-lazkani/control_paper/experiments/.venv/lib/python3.12/site-packages/sklearn/gaussian_process/kernels.py:455: ConvergenceWarning: The optimal value found for dimension 4 of parameter k1__k2__length_scale is close to the specified upper bound 2.0. Increasing the bound and calling fit again may find a better value.
  warnings.warn(
/home/baraa-lazkani/control_paper/experiments/.venv/lib/python3.12/site-packages/sklearn/gaussian_process/kernels.py:455: ConvergenceWarning: The optimal value found for dimension 5 of parameter k1__k2__length_scale is close to the specified upper bound 2.0. Increasing the bound and calling fit again may find a better value.
  warnings.warn(
/home/baraa-lazkani/control_paper/experiments/.venv/lib/python3.12/site-packages/sklearn/gaussian_process/kernels.py:445: ConvergenceWarning: The optimal value found for dimension 0 of parameter k2__noise_level is close to the specified lower bound 1e-08. Decreasing the bound and calling fit again may find a better value.
  warnings.warn(
iter 11: meanE=2076.5 medE=1448.2 fail=2.00%
/home/baraa-lazkani/control_paper/experiments/.venv/lib/python3.12/site-packages/sklearn/gaussian_process/kernels.py:455: ConvergenceWarning: The optimal value found for dimension 1 of parameter k1__k2__length_scale is close to the specified upper bound 2.0. Increasing the bound and calling fit again may find a better value.
  warnings.warn(
/home/baraa-lazkani/control_paper/experiments/.venv/lib/python3.12/site-packages/sklearn/gaussian_process/kernels.py:455: ConvergenceWarning: The optimal value found for dimension 2 of parameter k1__k2__length_scale is close to the specified upper bound 2.0. Increasing the bound and calling fit again may find a better value.
  warnings.warn(
/home/baraa-lazkani/control_paper/experiments/.venv/lib/python3.12/site-packages/sklearn/gaussian_process/kernels.py:455: ConvergenceWarning: The optimal value found for dimension 3 of parameter k1__k2__length_scale is close to the specified upper bound 2.0. Increasing the bound and calling fit again may find a better value.
  warnings.warn(
/home/baraa-lazkani/control_paper/experiments/.venv/lib/python3.12/site-packages/sklearn/gaussian_process/kernels.py:455: ConvergenceWarning: The optimal value found for dimension 4 of parameter k1__k2__length_scale is close to the specified upper bound 2.0. Increasing the bound and calling fit again may find a better value.
  warnings.warn(
/home/baraa-lazkani/control_paper/experiments/.venv/lib/python3.12/site-packages/sklearn/gaussian_process/kernels.py:455: ConvergenceWarning: The optimal value found for dimension 5 of parameter k1__k2__length_scale is close to the specified upper bound 2.0. Increasing the bound and calling fit again may find a better value.
  warnings.warn(
/home/baraa-lazkani/control_paper/experiments/.venv/lib/python3.12/site-packages/sklearn/gaussian_process/kernels.py:445: ConvergenceWarning: The optimal value found for dimension 0 of parameter k2__noise_level is close to the specified lower bound 1e-08. Decreasing the bound and calling fit again may find a better value.
  warnings.warn(
iter 12: meanE=1243.2 medE=1261.8 fail=0.00%
/home/baraa-lazkani/control_paper/experiments/.venv/lib/python3.12/site-packages/sklearn/gaussian_process/kernels.py:455: ConvergenceWarning: The optimal value found for dimension 1 of parameter k1__k2__length_scale is close to the specified upper bound 2.0. Increasing the bound and calling fit again may find a better value.
  warnings.warn(
/home/baraa-lazkani/control_paper/experiments/.venv/lib/python3.12/site-packages/sklearn/gaussian_process/kernels.py:455: ConvergenceWarning: The optimal value found for dimension 2 of parameter k1__k2__length_scale is close to the specified upper bound 2.0. Increasing the bound and calling fit again may find a better value.
  warnings.warn(
/home/baraa-lazkani/control_paper/experiments/.venv/lib/python3.12/site-packages/sklearn/gaussian_process/kernels.py:455: ConvergenceWarning: The optimal value found for dimension 3 of parameter k1__k2__length_scale is close to the specified upper bound 2.0. Increasing the bound and calling fit again may find a better value.
  warnings.warn(
/home/baraa-lazkani/control_paper/experiments/.venv/lib/python3.12/site-packages/sklearn/gaussian_process/kernels.py:455: ConvergenceWarning: The optimal value found for dimension 4 of parameter k1__k2__length_scale is close to the specified upper bound 2.0. Increasing the bound and calling fit again may find a better value.
  warnings.warn(
/home/baraa-lazkani/control_paper/experiments/.venv/lib/python3.12/site-packages/sklearn/gaussian_process/kernels.py:455: ConvergenceWarning: The optimal value found for dimension 5 of parameter k1__k2__length_scale is close to the specified upper bound 2.0. Increasing the bound and calling fit again may find a better value.
  warnings.warn(
iter 13: meanE=1521.5 medE=1494.4 fail=0.00%
/home/baraa-lazkani/control_paper/experiments/.venv/lib/python3.12/site-packages/sklearn/gaussian_process/kernels.py:455: ConvergenceWarning: The optimal value found for dimension 1 of parameter k1__k2__length_scale is close to the specified upper bound 2.0. Increasing the bound and calling fit again may find a better value.
  warnings.warn(
/home/baraa-lazkani/control_paper/experiments/.venv/lib/python3.12/site-packages/sklearn/gaussian_process/kernels.py:455: ConvergenceWarning: The optimal value found for dimension 2 of parameter k1__k2__length_scale is close to the specified upper bound 2.0. Increasing the bound and calling fit again may find a better value.
  warnings.warn(
/home/baraa-lazkani/control_paper/experiments/.venv/lib/python3.12/site-packages/sklearn/gaussian_process/kernels.py:455: ConvergenceWarning: The optimal value found for dimension 3 of parameter k1__k2__length_scale is close to the specified upper bound 2.0. Increasing the bound and calling fit again may find a better value.
  warnings.warn(
/home/baraa-lazkani/control_paper/experiments/.venv/lib/python3.12/site-packages/sklearn/gaussian_process/kernels.py:455: ConvergenceWarning: The optimal value found for dimension 4 of parameter k1__k2__length_scale is close to the specified upper bound 2.0. Increasing the bound and calling fit again may find a better value.
  warnings.warn(
/home/baraa-lazkani/control_paper/experiments/.venv/lib/python3.12/site-packages/sklearn/gaussian_process/kernels.py:455: ConvergenceWarning: The optimal value found for dimension 5 of parameter k1__k2__length_scale is close to the specified upper bound 2.0. Increasing the bound and calling fit again may find a better value.
  warnings.warn(
/home/baraa-lazkani/control_paper/experiments/.venv/lib/python3.12/site-packages/sklearn/gaussian_process/kernels.py:445: ConvergenceWarning: The optimal value found for dimension 0 of parameter k2__noise_level is close to the specified lower bound 1e-08. Decreasing the bound and calling fit again may find a better value.
  warnings.warn(
iter 14: meanE=1035.2 medE=962.2 fail=0.00%
/home/baraa-lazkani/control_paper/experiments/.venv/lib/python3.12/site-packages/sklearn/gaussian_process/kernels.py:455: ConvergenceWarning: The optimal value found for dimension 1 of parameter k1__k2__length_scale is close to the specified upper bound 2.0. Increasing the bound and calling fit again may find a better value.
  warnings.warn(
/home/baraa-lazkani/control_paper/experiments/.venv/lib/python3.12/site-packages/sklearn/gaussian_process/kernels.py:455: ConvergenceWarning: The optimal value found for dimension 2 of parameter k1__k2__length_scale is close to the specified upper bound 2.0. Increasing the bound and calling fit again may find a better value.
  warnings.warn(
/home/baraa-lazkani/control_paper/experiments/.venv/lib/python3.12/site-packages/sklearn/gaussian_process/kernels.py:455: ConvergenceWarning: The optimal value found for dimension 3 of parameter k1__k2__length_scale is close to the specified upper bound 2.0. Increasing the bound and calling fit again may find a better value.
  warnings.warn(
/home/baraa-lazkani/control_paper/experiments/.venv/lib/python3.12/site-packages/sklearn/gaussian_process/kernels.py:455: ConvergenceWarning: The optimal value found for dimension 4 of parameter k1__k2__length_scale is close to the specified upper bound 2.0. Increasing the bound and calling fit again may find a better value.
  warnings.warn(
/home/baraa-lazkani/control_paper/experiments/.venv/lib/python3.12/site-packages/sklearn/gaussian_process/kernels.py:455: ConvergenceWarning: The optimal value found for dimension 5 of parameter k1__k2__length_scale is close to the specified upper bound 2.0. Increasing the bound and calling fit again may find a better value.
  warnings.warn(
/home/baraa-lazkani/control_paper/experiments/.venv/lib/python3.12/site-packages/sklearn/gaussian_process/kernels.py:445: ConvergenceWarning: The optimal value found for dimension 0 of parameter k2__noise_level is close to the specified lower bound 1e-08. Decreasing the bound and calling fit again may find a better value.
  warnings.warn(
iter 15: meanE=12543.8 medE=1628.0 fail=5.00%
/home/baraa-lazkani/control_paper/experiments/.venv/lib/python3.12/site-packages/sklearn/gaussian_process/kernels.py:455: ConvergenceWarning: The optimal value found for dimension 1 of parameter k1__k2__length_scale is close to the specified upper bound 2.0. Increasing the bound and calling fit again may find a better value.
  warnings.warn(
/home/baraa-lazkani/control_paper/experiments/.venv/lib/python3.12/site-packages/sklearn/gaussian_process/kernels.py:455: ConvergenceWarning: The optimal value found for dimension 2 of parameter k1__k2__length_scale is close to the specified upper bound 2.0. Increasing the bound and calling fit again may find a better value.
  warnings.warn(
/home/baraa-lazkani/control_paper/experiments/.venv/lib/python3.12/site-packages/sklearn/gaussian_process/kernels.py:455: ConvergenceWarning: The optimal value found for dimension 3 of parameter k1__k2__length_scale is close to the specified upper bound 2.0. Increasing the bound and calling fit again may find a better value.
  warnings.warn(
/home/baraa-lazkani/control_paper/experiments/.venv/lib/python3.12/site-packages/sklearn/gaussian_process/kernels.py:455: ConvergenceWarning: The optimal value found for dimension 4 of parameter k1__k2__length_scale is close to the specified upper bound 2.0. Increasing the bound and calling fit again may find a better value.
  warnings.warn(
/home/baraa-lazkani/control_paper/experiments/.venv/lib/python3.12/site-packages/sklearn/gaussian_process/kernels.py:455: ConvergenceWarning: The optimal value found for dimension 5 of parameter k1__k2__length_scale is close to the specified upper bound 2.0. Increasing the bound and calling fit again may find a better value.
  warnings.warn(
/home/baraa-lazkani/control_paper/experiments/.venv/lib/python3.12/site-packages/sklearn/gaussian_process/kernels.py:445: ConvergenceWarning: The optimal value found for dimension 0 of parameter k2__noise_level is close to the specified lower bound 1e-08. Decreasing the bound and calling fit again may find a better value.
  warnings.warn(
iter 16: meanE=7357.7 medE=604.2 fail=16.00%
/home/baraa-lazkani/control_paper/experiments/.venv/lib/python3.12/site-packages/sklearn/gaussian_process/kernels.py:455: ConvergenceWarning: The optimal value found for dimension 1 of parameter k1__k2__length_scale is close to the specified upper bound 2.0. Increasing the bound and calling fit again may find a better value.
  warnings.warn(
/home/baraa-lazkani/control_paper/experiments/.venv/lib/python3.12/site-packages/sklearn/gaussian_process/kernels.py:455: ConvergenceWarning: The optimal value found for dimension 2 of parameter k1__k2__length_scale is close to the specified upper bound 2.0. Increasing the bound and calling fit again may find a better value.
  warnings.warn(
/home/baraa-lazkani/control_paper/experiments/.venv/lib/python3.12/site-packages/sklearn/gaussian_process/kernels.py:455: ConvergenceWarning: The optimal value found for dimension 3 of parameter k1__k2__length_scale is close to the specified upper bound 2.0. Increasing the bound and calling fit again may find a better value.
  warnings.warn(
/home/baraa-lazkani/control_paper/experiments/.venv/lib/python3.12/site-packages/sklearn/gaussian_process/kernels.py:455: ConvergenceWarning: The optimal value found for dimension 4 of parameter k1__k2__length_scale is close to the specified upper bound 2.0. Increasing the bound and calling fit again may find a better value.
  warnings.warn(
/home/baraa-lazkani/control_paper/experiments/.venv/lib/python3.12/site-packages/sklearn/gaussian_process/kernels.py:455: ConvergenceWarning: The optimal value found for dimension 5 of parameter k1__k2__length_scale is close to the specified upper bound 2.0. Increasing the bound and calling fit again may find a better value.
  warnings.warn(
/home/baraa-lazkani/control_paper/experiments/.venv/lib/python3.12/site-packages/sklearn/gaussian_process/kernels.py:445: ConvergenceWarning: The optimal value found for dimension 0 of parameter k2__noise_level is close to the specified lower bound 1e-08. Decreasing the bound and calling fit again may find a better value.
  warnings.warn(
iter 17: meanE=1575.1 medE=1606.0 fail=0.00%
/home/baraa-lazkani/control_paper/experiments/.venv/lib/python3.12/site-packages/sklearn/gaussian_process/kernels.py:455: ConvergenceWarning: The optimal value found for dimension 1 of parameter k1__k2__length_scale is close to the specified upper bound 2.0. Increasing the bound and calling fit again may find a better value.
  warnings.warn(
/home/baraa-lazkani/control_paper/experiments/.venv/lib/python3.12/site-packages/sklearn/gaussian_process/kernels.py:455: ConvergenceWarning: The optimal value found for dimension 2 of parameter k1__k2__length_scale is close to the specified upper bound 2.0. Increasing the bound and calling fit again may find a better value.
  warnings.warn(
/home/baraa-lazkani/control_paper/experiments/.venv/lib/python3.12/site-packages/sklearn/gaussian_process/kernels.py:455: ConvergenceWarning: The optimal value found for dimension 3 of parameter k1__k2__length_scale is close to the specified upper bound 2.0. Increasing the bound and calling fit again may find a better value.
  warnings.warn(
/home/baraa-lazkani/control_paper/experiments/.venv/lib/python3.12/site-packages/sklearn/gaussian_process/kernels.py:455: ConvergenceWarning: The optimal value found for dimension 4 of parameter k1__k2__length_scale is close to the specified upper bound 2.0. Increasing the bound and calling fit again may find a better value.
  warnings.warn(
/home/baraa-lazkani/control_paper/experiments/.venv/lib/python3.12/site-packages/sklearn/gaussian_process/kernels.py:455: ConvergenceWarning: The optimal value found for dimension 5 of parameter k1__k2__length_scale is close to the specified upper bound 2.0. Increasing the bound and calling fit again may find a better value.
  warnings.warn(
/home/baraa-lazkani/control_paper/experiments/.venv/lib/python3.12/site-packages/sklearn/gaussian_process/kernels.py:445: ConvergenceWarning: The optimal value found for dimension 0 of parameter k2__noise_level is close to the specified lower bound 1e-08. Decreasing the bound and calling fit again may find a better value.
  warnings.warn(
iter 18: meanE=2081.1 medE=2017.8 fail=0.00%
/home/baraa-lazkani/control_paper/experiments/.venv/lib/python3.12/site-packages/sklearn/gaussian_process/kernels.py:455: ConvergenceWarning: The optimal value found for dimension 1 of parameter k1__k2__length_scale is close to the specified upper bound 2.0. Increasing the bound and calling fit again may find a better value.
  warnings.warn(
/home/baraa-lazkani/control_paper/experiments/.venv/lib/python3.12/site-packages/sklearn/gaussian_process/kernels.py:455: ConvergenceWarning: The optimal value found for dimension 2 of parameter k1__k2__length_scale is close to the specified upper bound 2.0. Increasing the bound and calling fit again may find a better value.
  warnings.warn(
/home/baraa-lazkani/control_paper/experiments/.venv/lib/python3.12/site-packages/sklearn/gaussian_process/kernels.py:455: ConvergenceWarning: The optimal value found for dimension 3 of parameter k1__k2__length_scale is close to the specified upper bound 2.0. Increasing the bound and calling fit again may find a better value.
  warnings.warn(
/home/baraa-lazkani/control_paper/experiments/.venv/lib/python3.12/site-packages/sklearn/gaussian_process/kernels.py:455: ConvergenceWarning: The optimal value found for dimension 4 of parameter k1__k2__length_scale is close to the specified upper bound 2.0. Increasing the bound and calling fit again may find a better value.
  warnings.warn(
/home/baraa-lazkani/control_paper/experiments/.venv/lib/python3.12/site-packages/sklearn/gaussian_process/kernels.py:455: ConvergenceWarning: The optimal value found for dimension 5 of parameter k1__k2__length_scale is close to the specified upper bound 2.0. Increasing the bound and calling fit again may find a better value.
  warnings.warn(
/home/baraa-lazkani/control_paper/experiments/.venv/lib/python3.12/site-packages/sklearn/gaussian_process/kernels.py:445: ConvergenceWarning: The optimal value found for dimension 0 of parameter k2__noise_level is close to the specified lower bound 1e-08. Decreasing the bound and calling fit again may find a better value.
  warnings.warn(
iter 19: meanE=27751.1 medE=1921.9 fail=12.00%
/home/baraa-lazkani/control_paper/experiments/.venv/lib/python3.12/site-packages/sklearn/gaussian_process/kernels.py:455: ConvergenceWarning: The optimal value found for dimension 1 of parameter k1__k2__length_scale is close to the specified upper bound 2.0. Increasing the bound and calling fit again may find a better value.
  warnings.warn(
/home/baraa-lazkani/control_paper/experiments/.venv/lib/python3.12/site-packages/sklearn/gaussian_process/kernels.py:455: ConvergenceWarning: The optimal value found for dimension 2 of parameter k1__k2__length_scale is close to the specified upper bound 2.0. Increasing the bound and calling fit again may find a better value.
  warnings.warn(
/home/baraa-lazkani/control_paper/experiments/.venv/lib/python3.12/site-packages/sklearn/gaussian_process/kernels.py:455: ConvergenceWarning: The optimal value found for dimension 3 of parameter k1__k2__length_scale is close to the specified upper bound 2.0. Increasing the bound and calling fit again may find a better value.
  warnings.warn(
/home/baraa-lazkani/control_paper/experiments/.venv/lib/python3.12/site-packages/sklearn/gaussian_process/kernels.py:455: ConvergenceWarning: The optimal value found for dimension 4 of parameter k1__k2__length_scale is close to the specified upper bound 2.0. Increasing the bound and calling fit again may find a better value.
  warnings.warn(
/home/baraa-lazkani/control_paper/experiments/.venv/lib/python3.12/site-packages/sklearn/gaussian_process/kernels.py:455: ConvergenceWarning: The optimal value found for dimension 5 of parameter k1__k2__length_scale is close to the specified upper bound 2.0. Increasing the bound and calling fit again may find a better value.
  warnings.warn(
iter 20: meanE=798.7 medE=683.0 fail=0.00%
/home/baraa-lazkani/control_paper/experiments/.venv/lib/python3.12/site-packages/sklearn/gaussian_process/kernels.py:455: ConvergenceWarning: The optimal value found for dimension 1 of parameter k1__k2__length_scale is close to the specified upper bound 2.0. Increasing the bound and calling fit again may find a better value.
  warnings.warn(
/home/baraa-lazkani/control_paper/experiments/.venv/lib/python3.12/site-packages/sklearn/gaussian_process/kernels.py:455: ConvergenceWarning: The optimal value found for dimension 2 of parameter k1__k2__length_scale is close to the specified upper bound 2.0. Increasing the bound and calling fit again may find a better value.
  warnings.warn(
/home/baraa-lazkani/control_paper/experiments/.venv/lib/python3.12/site-packages/sklearn/gaussian_process/kernels.py:455: ConvergenceWarning: The optimal value found for dimension 3 of parameter k1__k2__length_scale is close to the specified upper bound 2.0. Increasing the bound and calling fit again may find a better value.
  warnings.warn(
/home/baraa-lazkani/control_paper/experiments/.venv/lib/python3.12/site-packages/sklearn/gaussian_process/kernels.py:455: ConvergenceWarning: The optimal value found for dimension 4 of parameter k1__k2__length_scale is close to the specified upper bound 2.0. Increasing the bound and calling fit again may find a better value.
  warnings.warn(
/home/baraa-lazkani/control_paper/experiments/.venv/lib/python3.12/site-packages/sklearn/gaussian_process/kernels.py:455: ConvergenceWarning: The optimal value found for dimension 5 of parameter k1__k2__length_scale is close to the specified upper bound 2.0. Increasing the bound and calling fit again may find a better value.
  warnings.warn(
/home/baraa-lazkani/control_paper/experiments/.venv/lib/python3.12/site-packages/sklearn/gaussian_process/kernels.py:445: ConvergenceWarning: The optimal value found for dimension 0 of parameter k2__noise_level is close to the specified lower bound 1e-08. Decreasing the bound and calling fit again may find a better value.
  warnings.warn(
iter 21: meanE=37455.8 medE=3853.9 fail=15.00%
/home/baraa-lazkani/control_paper/experiments/.venv/lib/python3.12/site-packages/sklearn/gaussian_process/kernels.py:455: ConvergenceWarning: The optimal value found for dimension 1 of parameter k1__k2__length_scale is close to the specified upper bound 2.0. Increasing the bound and calling fit again may find a better value.
  warnings.warn(
/home/baraa-lazkani/control_paper/experiments/.venv/lib/python3.12/site-packages/sklearn/gaussian_process/kernels.py:455: ConvergenceWarning: The optimal value found for dimension 2 of parameter k1__k2__length_scale is close to the specified upper bound 2.0. Increasing the bound and calling fit again may find a better value.
  warnings.warn(
/home/baraa-lazkani/control_paper/experiments/.venv/lib/python3.12/site-packages/sklearn/gaussian_process/kernels.py:455: ConvergenceWarning: The optimal value found for dimension 3 of parameter k1__k2__length_scale is close to the specified upper bound 2.0. Increasing the bound and calling fit again may find a better value.
  warnings.warn(
/home/baraa-lazkani/control_paper/experiments/.venv/lib/python3.12/site-packages/sklearn/gaussian_process/kernels.py:455: ConvergenceWarning: The optimal value found for dimension 4 of parameter k1__k2__length_scale is close to the specified upper bound 2.0. Increasing the bound and calling fit again may find a better value.
  warnings.warn(
/home/baraa-lazkani/control_paper/experiments/.venv/lib/python3.12/site-packages/sklearn/gaussian_process/kernels.py:455: ConvergenceWarning: The optimal value found for dimension 5 of parameter k1__k2__length_scale is close to the specified upper bound 2.0. Increasing the bound and calling fit again may find a better value.
  warnings.warn(
iter 22: meanE=55826.1 medE=1888.0 fail=21.00%
/home/baraa-lazkani/control_paper/experiments/.venv/lib/python3.12/site-packages/sklearn/gaussian_process/kernels.py:455: ConvergenceWarning: The optimal value found for dimension 1 of parameter k1__k2__length_scale is close to the specified upper bound 2.0. Increasing the bound and calling fit again may find a better value.
  warnings.warn(
/home/baraa-lazkani/control_paper/experiments/.venv/lib/python3.12/site-packages/sklearn/gaussian_process/kernels.py:455: ConvergenceWarning: The optimal value found for dimension 2 of parameter k1__k2__length_scale is close to the specified upper bound 2.0. Increasing the bound and calling fit again may find a better value.
  warnings.warn(
/home/baraa-lazkani/control_paper/experiments/.venv/lib/python3.12/site-packages/sklearn/gaussian_process/kernels.py:455: ConvergenceWarning: The optimal value found for dimension 3 of parameter k1__k2__length_scale is close to the specified upper bound 2.0. Increasing the bound and calling fit again may find a better value.
  warnings.warn(
/home/baraa-lazkani/control_paper/experiments/.venv/lib/python3.12/site-packages/sklearn/gaussian_process/kernels.py:455: ConvergenceWarning: The optimal value found for dimension 4 of parameter k1__k2__length_scale is close to the specified upper bound 2.0. Increasing the bound and calling fit again may find a better value.
  warnings.warn(
/home/baraa-lazkani/control_paper/experiments/.venv/lib/python3.12/site-packages/sklearn/gaussian_process/kernels.py:455: ConvergenceWarning: The optimal value found for dimension 5 of parameter k1__k2__length_scale is close to the specified upper bound 2.0. Increasing the bound and calling fit again may find a better value.
  warnings.warn(
iter 23: meanE=5619.1 medE=3218.6 fail=1.00%
/home/baraa-lazkani/control_paper/experiments/.venv/lib/python3.12/site-packages/sklearn/gaussian_process/kernels.py:455: ConvergenceWarning: The optimal value found for dimension 1 of parameter k1__k2__length_scale is close to the specified upper bound 2.0. Increasing the bound and calling fit again may find a better value.
  warnings.warn(
/home/baraa-lazkani/control_paper/experiments/.venv/lib/python3.12/site-packages/sklearn/gaussian_process/kernels.py:455: ConvergenceWarning: The optimal value found for dimension 2 of parameter k1__k2__length_scale is close to the specified upper bound 2.0. Increasing the bound and calling fit again may find a better value.
  warnings.warn(
/home/baraa-lazkani/control_paper/experiments/.venv/lib/python3.12/site-packages/sklearn/gaussian_process/kernels.py:455: ConvergenceWarning: The optimal value found for dimension 3 of parameter k1__k2__length_scale is close to the specified upper bound 2.0. Increasing the bound and calling fit again may find a better value.
  warnings.warn(
/home/baraa-lazkani/control_paper/experiments/.venv/lib/python3.12/site-packages/sklearn/gaussian_process/kernels.py:455: ConvergenceWarning: The optimal value found for dimension 4 of parameter k1__k2__length_scale is close to the specified upper bound 2.0. Increasing the bound and calling fit again may find a better value.
  warnings.warn(
/home/baraa-lazkani/control_paper/experiments/.venv/lib/python3.12/site-packages/sklearn/gaussian_process/kernels.py:455: ConvergenceWarning: The optimal value found for dimension 5 of parameter k1__k2__length_scale is close to the specified upper bound 2.0. Increasing the bound and calling fit again may find a better value.
  warnings.warn(
iter 24: meanE=1314.0 medE=1204.0 fail=0.00%
BEST PID: {'KP1': 0.1385030367396881, 'KI1': 0.36759818156032703, 'KD1': 0.0015295699857025226, 'KP2': 4.631881318403891, 'KI2': 0.912592146412533, 'KD2': 0.009114709355873768} meanE 669.7812053949416
