  anchor4/clean/ours: 2s
  anchor4/clean/ours_dr: 1s
  anchor4/clean/pnn_bf: 1s
  anchor4/clean/lyap1: 1s
  anchor4/clean/lyap2: 2s
  anchor4/clean/pid_table3: 2s
  anchor4/clean/pid_tuned: 1s

******************************************************************************
This program contains Ipopt, a library for large-scale nonlinear optimization.
 Ipopt is released as open source code under the Eclipse Public License (EPL).
         For more information visit https://github.com/coin-or/Ipopt
******************************************************************************

  anchor4/clean/nmpc: 46s
  anchor4/clean/sac: 3s
  anchor4/noisy0/ours: 1s
  anchor4/noisy0/ours_dr: 1s
  anchor4/noisy0/pnn_bf: 1s
  anchor4/noisy0/lyap1: 1s
  anchor4/noisy0/lyap2: 2s
  anchor4/noisy0/pid_table3: 2s
  anchor4/noisy0/pid_tuned: 1s
  anchor4/noisy0/nmpc: 59s
  anchor4/noisy0/sac: 3s
  anchor4/noisy1/ours: 1s
  anchor4/noisy1/ours_dr: 1s
  anchor4/noisy1/pnn_bf: 1s
  anchor4/noisy1/lyap1: 1s
  anchor4/noisy1/lyap2: 2s
  anchor4/noisy1/pid_table3: 2s
  anchor4/noisy1/pid_tuned: 1s
  anchor4/noisy1/nmpc: 49s
  anchor4/noisy1/sac: 3s
  anchor4/noisy2/ours: 1s
  anchor4/noisy2/ours_dr: 1s
  anchor4/noisy2/pnn_bf: 1s
  anchor4/noisy2/lyap1: 1s
  anchor4/noisy2/lyap2: 2s
  anchor4/noisy2/pid_table3: 2s
  anchor4/noisy2/pid_tuned: 1s
  anchor4/noisy2/nmpc: 46s
  anchor4/noisy2/sac: 3s
  anchor4/noisy3/ours: 1s
  anchor4/noisy3/ours_dr: 1s
  anchor4/noisy3/pnn_bf: 1s
  anchor4/noisy3/lyap1: 1s
  anchor4/noisy3/lyap2: 2s
  anchor4/noisy3/pid_table3: 2s
  anchor4/noisy3/pid_tuned: 1s
  anchor4/noisy3/nmpc: 52s
  anchor4/noisy3/sac: 3s
  anchor4/noisy4/ours: 1s
  anchor4/noisy4/ours_dr: 1s
  anchor4/noisy4/pnn_bf: 1s
  anchor4/noisy4/lyap1: 1s
  anchor4/noisy4/lyap2: 2s
  anchor4/noisy4/pid_table3: 2s
  anchor4/noisy4/pid_tuned: 1s
  anchor4/noisy4/nmpc: 43s
  anchor4/noisy4/sac: 3s
  anchor4/noisy5/ours: 1s
  anchor4/noisy5/ours_dr: 1s
  anchor4/noisy5/pnn_bf: 1s
  anchor4/noisy5/lyap1: 1s
  anchor4/noisy5/lyap2: 2s
  anchor4/noisy5/pid_table3: 2s
  anchor4/noisy5/pid_tuned: 1s
  anchor4/noisy5/nmpc: 49s
  anchor4/noisy5/sac: 4s
  anchor4/noisy6/ours: 2s
  anchor4/noisy6/ours_dr: 3s
  anchor4/noisy6/pnn_bf: 2s
  anchor4/noisy6/lyap1: 1s
  anchor4/noisy6/lyap2: 2s
  anchor4/noisy6/pid_table3: 2s
  anchor4/noisy6/pid_tuned: 1s
  anchor4/noisy6/nmpc: 48s
  anchor4/noisy6/sac: 3s
  anchor4/noisy7/ours: 1s
  anchor4/noisy7/ours_dr: 1s
  anchor4/noisy7/pnn_bf: 1s
  anchor4/noisy7/lyap1: 1s
  anchor4/noisy7/lyap2: 2s
  anchor4/noisy7/pid_table3: 2s
  anchor4/noisy7/pid_tuned: 1s
  anchor4/noisy7/nmpc: 49s
  anchor4/noisy7/sac: 3s
  anchor4/noisy8/ours: 1s
  anchor4/noisy8/ours_dr: 1s
  anchor4/noisy8/pnn_bf: 1s
  anchor4/noisy8/lyap1: 1s
  anchor4/noisy8/lyap2: 2s
  anchor4/noisy8/pid_table3: 3s
  anchor4/noisy8/pid_tuned: 1s
  anchor4/noisy8/nmpc: 51s
  anchor4/noisy8/sac: 3s
  anchor4/noisy9/ours: 1s
  anchor4/noisy9/ours_dr: 1s
  anchor4/noisy9/pnn_bf: 1s
  anchor4/noisy9/lyap1: 1s
  anchor4/noisy9/lyap2: 2s
  anchor4/noisy9/pid_table3: 2s
  anchor4/noisy9/pid_tuned: 1s
  anchor4/noisy9/nmpc: 59s
  anchor4/noisy9/sac: 3s
  anchor4/noisy10/ours: 1s
  anchor4/noisy10/ours_dr: 2s
  anchor4/noisy10/pnn_bf: 1s
  anchor4/noisy10/lyap1: 1s
  anchor4/noisy10/lyap2: 2s
  anchor4/noisy10/pid_table3: 2s
  anchor4/noisy10/pid_tuned: 1s
  anchor4/noisy10/sac: 3s
  anchor4/noisy11/ours: 1s
  anchor4/noisy11/ours_dr: 2s
  anchor4/noisy11/pnn_bf: 1s
  anchor4/noisy11/lyap1: 1s
  anchor4/noisy11/lyap2: 2s
  anchor4/noisy11/pid_table3: 2s
  anchor4/noisy11/pid_tuned: 1s
  anchor4/noisy11/sac: 3s
  anchor4/noisy12/ours: 1s
  anchor4/noisy12/ours_dr: 2s
  anchor4/noisy12/pnn_bf: 1s
  anchor4/noisy12/lyap1: 1s
  anchor4/noisy12/lyap2: 2s
  anchor4/noisy12/pid_table3: 2s
  anchor4/noisy12/pid_tuned: 1s
  anchor4/noisy12/sac: 3s
  anchor4/noisy13/ours: 1s
  anchor4/noisy13/ours_dr: 1s
  anchor4/noisy13/pnn_bf: 1s
  anchor4/noisy13/lyap1: 1s
  anchor4/noisy13/lyap2: 2s
  anchor4/noisy13/pid_table3: 2s
  anchor4/noisy13/pid_tuned: 1s
  anchor4/noisy13/sac: 5s
  anchor4/noisy14/ours: 1s
  anchor4/noisy14/ours_dr: 1s
  anchor4/noisy14/pnn_bf: 1s
  anchor4/noisy14/lyap1: 1s
  anchor4/noisy14/lyap2: 2s
  anchor4/noisy14/pid_table3: 2s
  anchor4/noisy14/pid_tuned: 1s
  anchor4/noisy14/sac: 4s
  anchor4/noisy15/ours: 2s
  anchor4/noisy15/ours_dr: 1s
  anchor4/noisy15/pnn_bf: 1s
  anchor4/noisy15/lyap1: 1s
  anchor4/noisy15/lyap2: 2s
  anchor4/noisy15/pid_table3: 2s
  anchor4/noisy15/pid_tuned: 1s
  anchor4/noisy15/sac: 5s
  anchor4/noisy16/ours: 2s
  anchor4/noisy16/ours_dr: 2s
  anchor4/noisy16/pnn_bf: 1s
  anchor4/noisy16/lyap1: 1s
  anchor4/noisy16/lyap2: 2s
  anchor4/noisy16/pid_table3: 2s
  anchor4/noisy16/pid_tuned: 1s
  anchor4/noisy16/sac: 3s
  anchor4/noisy17/ours: 1s
  anchor4/noisy17/ours_dr: 1s
  anchor4/noisy17/pnn_bf: 1s
  anchor4/noisy17/lyap1: 1s
  anchor4/noisy17/lyap2: 2s
  anchor4/noisy17/pid_table3: 2s
  anchor4/noisy17/pid_tuned: 1s
  anchor4/noisy17/sac: 2s
  anchor4/noisy18/ours: 1s
  anchor4/noisy18/ours_dr: 1s
  anchor4/noisy18/pnn_bf: 1s
  anchor4/noisy18/lyap1: 1s
  anchor4/noisy18/lyap2: 2s
  anchor4/noisy18/pid_table3: 2s
  anchor4/noisy18/pid_tuned: 1s
  anchor4/noisy18/sac: 3s
  anchor4/noisy19/ours: 1s
  anchor4/noisy19/ours_dr: 2s
  anchor4/noisy19/pnn_bf: 1s
  anchor4/noisy19/lyap1: 2s
  anchor4/noisy19/lyap2: 4s
  anchor4/noisy19/pid_table3: 2s
  anchor4/noisy19/pid_tuned: 1s
  anchor4/noisy19/sac: 3s
  anchor4/noisy20/ours: 2s
  anchor4/noisy20/ours_dr: 2s
  anchor4/noisy20/pnn_bf: 1s
  anchor4/noisy20/lyap1: 1s
  anchor4/noisy20/lyap2: 2s
  anchor4/noisy20/pid_table3: 2s
  anchor4/noisy20/pid_tuned: 1s
  anchor4/noisy20/sac: 3s
  anchor4/noisy21/ours: 1s
  anchor4/noisy21/ours_dr: 1s
  anchor4/noisy21/pnn_bf: 1s
  anchor4/noisy21/lyap1: 1s
  anchor4/noisy21/lyap2: 2s
  anchor4/noisy21/pid_table3: 2s
  anchor4/noisy21/pid_tuned: 1s
  anchor4/noisy21/sac: 3s
  anchor4/noisy22/ours: 1s
  anchor4/noisy22/ours_dr: 1s
  anchor4/noisy22/pnn_bf: 1s
  anchor4/noisy22/lyap1: 2s
  anchor4/noisy22/lyap2: 4s
  anchor4/noisy22/pid_table3: 4s
  anchor4/noisy22/pid_tuned: 1s
  anchor4/noisy22/sac: 5s
  anchor4/noisy23/ours: 2s
  anchor4/noisy23/ours_dr: 1s
  anchor4/noisy23/pnn_bf: 1s
  anchor4/noisy23/lyap1: 1s
  anchor4/noisy23/lyap2: 2s
  anchor4/noisy23/pid_table3: 2s
  anchor4/noisy23/pid_tuned: 1s
  anchor4/noisy23/sac: 3s
  anchor4/noisy24/ours: 1s
  anchor4/noisy24/ours_dr: 1s
  anchor4/noisy24/pnn_bf: 1s
  anchor4/noisy24/lyap1: 1s
  anchor4/noisy24/lyap2: 2s
  anchor4/noisy24/pid_table3: 2s
  anchor4/noisy24/pid_tuned: 1s
  anchor4/noisy24/sac: 3s
  anchor4/noisy25/ours: 1s
  anchor4/noisy25/ours_dr: 1s
  anchor4/noisy25/pnn_bf: 1s
  anchor4/noisy25/lyap1: 1s
  anchor4/noisy25/lyap2: 2s
  anchor4/noisy25/pid_table3: 2s
  anchor4/noisy25/pid_tuned: 1s
  anchor4/noisy25/sac: 3s
  anchor4/noisy26/ours: 1s
  anchor4/noisy26/ours_dr: 1s
  anchor4/noisy26/pnn_bf: 1s
  anchor4/noisy26/lyap1: 1s
  anchor4/noisy26/lyap2: 2s
  anchor4/noisy26/pid_table3: 2s
  anchor4/noisy26/pid_tuned: 1s
  anchor4/noisy26/sac: 3s
  anchor4/noisy27/ours: 1s
  anchor4/noisy27/ours_dr: 1s
  anchor4/noisy27/pnn_bf: 1s
  anchor4/noisy27/lyap1: 1s
  anchor4/noisy27/lyap2: 2s
  anchor4/noisy27/pid_table3: 2s
  anchor4/noisy27/pid_tuned: 1s
  anchor4/noisy27/sac: 3s
  anchor4/noisy28/ours: 1s
  anchor4/noisy28/ours_dr: 2s
  anchor4/noisy28/pnn_bf: 1s
  anchor4/noisy28/lyap1: 1s
  anchor4/noisy28/lyap2: 2s
  anchor4/noisy28/pid_table3: 2s
  anchor4/noisy28/pid_tuned: 1s
  anchor4/noisy28/sac: 3s
  anchor4/noisy29/ours: 1s
  anchor4/noisy29/ours_dr: 1s
  anchor4/noisy29/pnn_bf: 1s
  anchor4/noisy29/lyap1: 1s
  anchor4/noisy29/lyap2: 2s
  anchor4/noisy29/pid_table3: 2s
  anchor4/noisy29/pid_tuned: 1s
  anchor4/noisy29/sac: 3s
  heldout30/clean/ours: 1s
  heldout30/clean/ours_dr: 2s
  heldout30/clean/pnn_bf: 2s
  heldout30/clean/lyap1: 1s
  heldout30/clean/lyap2: 3s
  heldout30/clean/pid_table3: 6s
  heldout30/clean/pid_tuned: 13s
  heldout30/clean/nmpc: 480s
  heldout30/clean/sac: 33s
  heldout30/noisy0/ours: 1s
  heldout30/noisy0/ours_dr: 2s
  heldout30/noisy0/pnn_bf: 2s
  heldout30/noisy0/lyap1: 1s
  heldout30/noisy0/lyap2: 2s
  heldout30/noisy0/pid_table3: 6s
  heldout30/noisy0/pid_tuned: 13s
  heldout30/noisy0/sac: 33s
  heldout30/noisy1/ours: 1s
  heldout30/noisy1/ours_dr: 2s
  heldout30/noisy1/pnn_bf: 2s
  heldout30/noisy1/lyap1: 1s
  heldout30/noisy1/lyap2: 2s
  heldout30/noisy1/pid_table3: 6s
  heldout30/noisy1/pid_tuned: 13s
  heldout30/noisy1/sac: 16s
  heldout30/noisy2/ours: 1s
  heldout30/noisy2/ours_dr: 2s
  heldout30/noisy2/pnn_bf: 2s
  heldout30/noisy2/lyap1: 1s
  heldout30/noisy2/lyap2: 2s
  heldout30/noisy2/pid_table3: 6s
  heldout30/noisy2/pid_tuned: 13s
  heldout30/noisy2/sac: 16s
  heldout30/noisy3/ours: 1s
  heldout30/noisy3/ours_dr: 2s
  heldout30/noisy3/pnn_bf: 2s
  heldout30/noisy3/lyap1: 1s
  heldout30/noisy3/lyap2: 2s
  heldout30/noisy3/pid_table3: 6s
  heldout30/noisy3/pid_tuned: 13s
  heldout30/noisy3/sac: 16s
  heldout30/noisy4/ours: 1s
  heldout30/noisy4/ours_dr: 2s
  heldout30/noisy4/pnn_bf: 2s
  heldout30/noisy4/lyap1: 1s
  heldout30/noisy4/lyap2: 3s
  heldout30/noisy4/pid_table3: 6s
  heldout30/noisy4/pid_tuned: 13s
  heldout30/noisy4/sac: 16s
  heldout30/noisy5/ours: 1s
  heldout30/noisy5/ours_dr: 2s
  heldout30/noisy5/pnn_bf: 2s
  heldout30/noisy5/lyap1: 1s
  heldout30/noisy5/lyap2: 3s
  heldout30/noisy5/pid_table3: 6s
  heldout30/noisy5/pid_tuned: 13s
  heldout30/noisy5/sac: 24s
  heldout30/noisy6/ours: 1s
  heldout30/noisy6/ours_dr: 2s
  heldout30/noisy6/pnn_bf: 2s
  heldout30/noisy6/lyap1: 1s
  heldout30/noisy6/lyap2: 2s
  heldout30/noisy6/pid_table3: 6s
  heldout30/noisy6/pid_tuned: 13s
  heldout30/noisy6/sac: 15s
  heldout30/noisy7/ours: 1s
  heldout30/noisy7/ours_dr: 2s
  heldout30/noisy7/pnn_bf: 2s
  heldout30/noisy7/lyap1: 1s
  heldout30/noisy7/lyap2: 2s
  heldout30/noisy7/pid_table3: 6s
  heldout30/noisy7/pid_tuned: 13s
  heldout30/noisy7/sac: 17s
  heldout30/noisy8/ours: 1s
  heldout30/noisy8/ours_dr: 2s
  heldout30/noisy8/pnn_bf: 2s
  heldout30/noisy8/lyap1: 1s
  heldout30/noisy8/lyap2: 3s
  heldout30/noisy8/pid_table3: 6s
  heldout30/noisy8/pid_tuned: 13s
  heldout30/noisy8/sac: 33s
  heldout30/noisy9/ours: 1s
  heldout30/noisy9/ours_dr: 2s
  heldout30/noisy9/pnn_bf: 2s
  heldout30/noisy9/lyap1: 1s
  heldout30/noisy9/lyap2: 2s
  heldout30/noisy9/pid_table3: 6s
  heldout30/noisy9/pid_tuned: 13s
  heldout30/noisy9/sac: 33s
  heldout30/noisy10/ours: 1s
  heldout30/noisy10/ours_dr: 2s
  heldout30/noisy10/pnn_bf: 2s
  heldout30/noisy10/lyap1: 1s
  heldout30/noisy10/lyap2: 3s
  heldout30/noisy10/pid_table3: 6s
  heldout30/noisy10/pid_tuned: 13s
  heldout30/noisy10/sac: 16s
  heldout30/noisy11/ours: 1s
  heldout30/noisy11/ours_dr: 2s
  heldout30/noisy11/pnn_bf: 2s
  heldout30/noisy11/lyap1: 1s
  heldout30/noisy11/lyap2: 2s
  heldout30/noisy11/pid_table3: 6s
  heldout30/noisy11/pid_tuned: 13s
  heldout30/noisy11/sac: 16s
  heldout30/noisy12/ours: 1s
  heldout30/noisy12/ours_dr: 2s
  heldout30/noisy12/pnn_bf: 2s
  heldout30/noisy12/lyap1: 1s
  heldout30/noisy12/lyap2: 2s
  heldout30/noisy12/pid_table3: 6s
  heldout30/noisy12/pid_tuned: 13s
  heldout30/noisy12/sac: 16s
  heldout30/noisy13/ours: 1s
  heldout30/noisy13/ours_dr: 2s
  heldout30/noisy13/pnn_bf: 2s
  heldout30/noisy13/lyap1: 1s
  heldout30/noisy13/lyap2: 2s
  heldout30/noisy13/pid_table3: 6s
  heldout30/noisy13/pid_tuned: 13s
  heldout30/noisy13/sac: 15s
  heldout30/noisy14/ours: 1s
  heldout30/noisy14/ours_dr: 2s
  heldout30/noisy14/pnn_bf: 2s
  heldout30/noisy14/lyap1: 1s
  heldout30/noisy14/lyap2: 3s
  heldout30/noisy14/pid_table3: 6s
  heldout30/noisy14/pid_tuned: 13s
  heldout30/noisy14/sac: 33s
  heldout30/noisy15/ours: 1s
  heldout30/noisy15/ours_dr: 2s
  heldout30/noisy15/pnn_bf: 2s
  heldout30/noisy15/lyap1: 1s
  heldout30/noisy15/lyap2: 2s
  heldout30/noisy15/pid_table3: 6s
  heldout30/noisy15/pid_tuned: 13s
  heldout30/noisy15/sac: 33s
  heldout30/noisy16/ours: 1s
  heldout30/noisy16/ours_dr: 2s
  heldout30/noisy16/pnn_bf: 2s
  heldout30/noisy16/lyap1: 1s
  heldout30/noisy16/lyap2: 2s
  heldout30/noisy16/pid_table3: 6s
  heldout30/noisy16/pid_tuned: 13s
  heldout30/noisy16/sac: 16s
  heldout30/noisy17/ours: 1s
  heldout30/noisy17/ours_dr: 2s
  heldout30/noisy17/pnn_bf: 2s
  heldout30/noisy17/lyap1: 1s
  heldout30/noisy17/lyap2: 2s
  heldout30/noisy17/pid_table3: 6s
  heldout30/noisy17/pid_tuned: 13s
  heldout30/noisy17/sac: 33s
  heldout30/noisy18/ours: 1s
  heldout30/noisy18/ours_dr: 2s
  heldout30/noisy18/pnn_bf: 2s
  heldout30/noisy18/lyap1: 1s
  heldout30/noisy18/lyap2: 2s
  heldout30/noisy18/pid_table3: 6s
  heldout30/noisy18/pid_tuned: 13s
  heldout30/noisy18/sac: 33s
  heldout30/noisy19/ours: 1s
  heldout30/noisy19/ours_dr: 2s
  heldout30/noisy19/pnn_bf: 2s
  heldout30/noisy19/lyap1: 1s
  heldout30/noisy19/lyap2: 2s
  heldout30/noisy19/pid_table3: 6s
  heldout30/noisy19/pid_tuned: 13s
  heldout30/noisy19/sac: 34s
  heldout30/noisy20/ours: 1s
  heldout30/noisy20/ours_dr: 2s
  heldout30/noisy20/pnn_bf: 2s
  heldout30/noisy20/lyap1: 1s
  heldout30/noisy20/lyap2: 2s
  heldout30/noisy20/pid_table3: 6s
  heldout30/noisy20/pid_tuned: 13s
  heldout30/noisy20/sac: 33s
  heldout30/noisy21/ours: 1s
  heldout30/noisy21/ours_dr: 2s
  heldout30/noisy21/pnn_bf: 2s
  heldout30/noisy21/lyap1: 1s
  heldout30/noisy21/lyap2: 2s
  heldout30/noisy21/pid_table3: 6s
  heldout30/noisy21/pid_tuned: 13s
  heldout30/noisy21/sac: 15s
  heldout30/noisy22/ours: 1s
  heldout30/noisy22/ours_dr: 2s
  heldout30/noisy22/pnn_bf: 2s
  heldout30/noisy22/lyap1: 1s
  heldout30/noisy22/lyap2: 2s
  heldout30/noisy22/pid_table3: 6s
  heldout30/noisy22/pid_tuned: 13s
  heldout30/noisy22/sac: 33s
  heldout30/noisy23/ours: 1s
  heldout30/noisy23/ours_dr: 2s
  heldout30/noisy23/pnn_bf: 2s
  heldout30/noisy23/lyap1: 1s
  heldout30/noisy23/lyap2: 2s
  heldout30/noisy23/pid_table3: 6s
  heldout30/noisy23/pid_tuned: 13s
  heldout30/noisy23/sac: 33s
  heldout30/noisy24/ours: 1s
  heldout30/noisy24/ours_dr: 2s
  heldout30/noisy24/pnn_bf: 2s
  heldout30/noisy24/lyap1: 1s
  heldout30/noisy24/lyap2: 2s
  heldout30/noisy24/pid_table3: 6s
  heldout30/noisy24/pid_tuned: 13s
  heldout30/noisy24/sac: 15s
  heldout30/noisy25/ours: 1s
  heldout30/noisy25/ours_dr: 2s
  heldout30/noisy25/pnn_bf: 2s
  heldout30/noisy25/lyap1: 1s
  heldout30/noisy25/lyap2: 2s
  heldout30/noisy25/pid_table3: 6s
  heldout30/noisy25/pid_tuned: 13s
  heldout30/noisy25/sac: 16s
  heldout30/noisy26/ours: 1s
  heldout30/noisy26/ours_dr: 2s
  heldout30/noisy26/pnn_bf: 2s
  heldout30/noisy26/lyap1: 1s
  heldout30/noisy26/lyap2: 2s
  heldout30/noisy26/pid_table3: 6s
  heldout30/noisy26/pid_tuned: 13s
  heldout30/noisy26/sac: 16s
  heldout30/noisy27/ours: 1s
  heldout30/noisy27/ours_dr: 2s
  heldout30/noisy27/pnn_bf: 2s
  heldout30/noisy27/lyap1: 1s
  heldout30/noisy27/lyap2: 2s
  heldout30/noisy27/pid_table3: 6s
  heldout30/noisy27/pid_tuned: 13s
  heldout30/noisy27/sac: 33s
  heldout30/noisy28/ours: 1s
  heldout30/noisy28/ours_dr: 2s
  heldout30/noisy28/pnn_bf: 2s
  heldout30/noisy28/lyap1: 1s
  heldout30/noisy28/lyap2: 2s
  heldout30/noisy28/pid_table3: 6s
  heldout30/noisy28/pid_tuned: 13s
  heldout30/noisy28/sac: 33s
  heldout30/noisy29/ours: 1s
  heldout30/noisy29/ours_dr: 2s
  heldout30/noisy29/pnn_bf: 2s
  heldout30/noisy29/lyap1: 1s
  heldout30/noisy29/lyap2: 3s
  heldout30/noisy29/pid_table3: 6s
  heldout30/noisy29/pid_tuned: 13s
  heldout30/noisy29/sac: 16s
  path circle/ours: 14s
  path circle/ours_dr: 16s
  path circle/pnn_bf: 11s
  path circle/lyap1: 13s
  path circle/lyap2: 25s
  path circle/pid_table3: 50s
  path circle/pid_tuned: 12s
  path circle/nmpc: 124s
  path circle/sac: 1s
  path infinity/ours: 14s
  path infinity/ours_dr: 17s
  path infinity/pnn_bf: 12s
  path infinity/lyap1: 13s
  path infinity/lyap2: 24s
  path infinity/pid_table3: 50s
  path infinity/pid_tuned: 15s
  path infinity/nmpc: 125s
  path infinity/sac: 1s
  path line/ours: 9s
  path line/ours_dr: 12s
  path line/pnn_bf: 8s
  path line/lyap1: 9s
  path line/lyap2: 18s
  path line/pid_table3: 50s
  path line/pid_tuned: 12s
  path line/nmpc: 123s
  path line/sac: 1s
  path random/ours: 9s
  path random/ours_dr: 11s
  path random/pnn_bf: 8s
  path random/lyap1: 9s
  path random/lyap2: 17s
  path random/pid_table3: 50s
  path random/pid_tuned: 14s
  path random/nmpc: 121s
  path random/sac: 1s
WP5 DONE
