(C3) threshold delta_v_bar < Kp_min*eps/4 = 0.1*0.01/4 = 2.500e-04 m/s
arrival tolerance eps = 0.01 m; N = 300 runs per level; T_max = 30.0 s

delta_v [m/s] controller   arrived%  div  med t_end  med final_d   med hold_d  med e_total
            0 ours_bptt      100.0%    0      3.607      0.00999      0.00000        395.6
            0 lyap1          100.0%    0      3.679      0.00999      0.00000        434.2
            0 lyap2          100.0%    0      6.873      0.01000      0.00000        908.3

       0.0001 ours_bptt      100.0%    0      3.602      0.00999      0.00002        395.9
       0.0001 lyap1          100.0%    0      3.672      0.00999      0.00004        433.2
       0.0001 lyap2          100.0%    0      6.843      0.01000      0.00003        903.7

      0.00025 ours_bptt      100.0%    0      3.594      0.00999      0.00005        396.3
      0.00025 lyap1          100.0%    0      3.663      0.00999      0.00009        431.6
      0.00025 lyap2          100.0%    0      6.800      0.01000      0.00006        896.8

        0.001 ours_bptt      100.0%    0      3.562      0.00999      0.00021        392.0
        0.001 lyap1          100.0%    0      3.618      0.00999      0.00037        423.7
        0.001 lyap2          100.0%    0      6.602      0.01000      0.00025        863.3

        0.005 ours_bptt      100.0%    0      3.380      0.00999      0.00109        370.5
        0.005 lyap1          100.0%    0      3.415      0.00999      0.00187        401.7
        0.005 lyap2          100.0%    0      5.851      0.00999      0.00127        739.6

         0.02 ours_bptt      100.0%    0      2.960      0.00998      0.00433        283.6
         0.02 lyap1          100.0%    0      2.996      0.00997      0.00749        359.7
         0.02 lyap2          100.0%    0      4.538      0.00998      0.00509        521.5

         0.05 ours_bptt      100.0%    0      2.532      0.00996      0.01078        376.4
         0.05 lyap1           81.7%    0      2.841      0.00998      0.01872        346.1
         0.05 lyap2          100.0%    0      3.469      0.00997      0.01273        346.2

first delta_v at which arrival drops below its delta_v=0 value:
   ours_bptt   none in sweep
   lyap1       0.05
   lyap2       none in sweep

wrote wp7/results/wp7_bias.csv  (6300 rows)
wrote wp7/logs/wp7_bias_meta.json
total wall 374.9 s
