Sun Sep  6 12:35:54 AM +03 2026
GAIN ours_bptt   median Kp=0.803792  max Kp=0.945134  median Kth=2.976616  max Kth=2.995627
GAIN ours_dr     median Kp=0.668933  max Kp=0.692554  median Kth=2.985975  max Kth=2.994511
GAIN pnn_bf      median Kp=0.895215  max Kp=1.000000  median Kth=2.867799  max Kth=3.000000
GAIN lyap1       median Kp=0.800000  max Kp=0.800000  median Kth=1.700000  max Kth=1.700000
GAIN lyap2       median Kp=0.500000  max Kp=0.500000  median Kth=2.500000  max Kth=2.500000
GAIN pid_table3  median Kp=n/a       max Kp=n/a       median Kth=n/a       max Kth=n/a

324 cells x 300 runs, 5 workers, load at start (35.03125, 36.91650390625, 26.03515625)
[  1/324] tau=  0ms pose   oracle   lyap1       arr=100.00% div=  0 medE=   434.2 med_t=  3.68s (7.4s)
[  2/324] tau=  0ms pose   oracle   pnn_bf      arr=100.00% div=  0 medE=   316.6 med_t=  3.11s (8.2s)
[  3/324] tau=  0ms pose   oracle   ours_bptt   arr=100.00% div=  0 medE=   395.6 med_t=  3.61s (8.4s)
[  4/324] tau=  0ms pose   oracle   ours_dr     arr=100.00% div=  0 medE=   576.7 med_t=  4.66s (11.3s)
[  5/324] tau=  0ms pose   measured ours_bptt   arr=100.00% div=  0 medE=   395.6 med_t=  3.61s (6.9s)
[  6/324] tau=  0ms pose   measured pnn_bf      arr=100.00% div=  0 medE=   316.6 med_t=  3.11s (6.3s)
[  7/324] tau=  0ms pose   measured ours_dr     arr=100.00% div=  0 medE=   576.7 med_t=  4.66s (10.9s)
[  8/324] tau=  0ms pose   oracle   lyap2       arr=100.00% div=  0 medE=   908.3 med_t=  6.87s (19.5s)
[  9/324] tau=  0ms pose   measured lyap1       arr=100.00% div=  0 medE=   434.2 med_t=  3.68s (9.8s)
[ 10/324] tau=  0ms wheels oracle   ours_bptt   arr=100.00% div=  0 medE=   395.6 med_t=  3.61s (7.1s)
[ 11/324] tau=  0ms pose   oracle   pid_table3  arr=100.00% div=  0 medE=  1129.7 med_t=  5.89s (20.6s)
[ 12/324] tau=  0ms wheels oracle   pnn_bf      arr=100.00% div=  0 medE=   316.6 med_t=  3.11s (6.5s)
[ 13/324] tau=  0ms pose   measured lyap2       arr=100.00% div=  0 medE=   908.3 med_t=  6.87s (16.2s)
[ 14/324] tau=  0ms wheels oracle   ours_dr     arr=100.00% div=  0 medE=   576.7 med_t=  4.66s (10.3s)
[ 15/324] tau=  0ms wheels oracle   lyap1       arr=100.00% div=  0 medE=   434.2 med_t=  3.68s (11.0s)
[ 16/324] tau=  0ms wheels measured ours_bptt   arr=100.00% div=  0 medE=   395.6 med_t=  3.61s (5.5s)
[ 17/324] tau=  0ms wheels oracle   lyap2       arr=100.00% div=  0 medE=   908.3 med_t=  6.87s (9.1s)
[ 18/324] tau=  0ms pose   measured pid_table3  arr=100.00% div=  0 medE=  1129.7 med_t=  5.89s (26.3s)
[ 19/324] tau=  0ms wheels measured pnn_bf      arr=100.00% div=  0 medE=   316.6 med_t=  3.11s (5.3s)
[ 20/324] tau=  0ms wheels measured lyap1       arr=100.00% div=  0 medE=   434.2 med_t=  3.68s (5.8s)
[ 21/324] tau=  0ms wheels measured ours_dr     arr=100.00% div=  0 medE=   576.7 med_t=  4.66s (9.5s)
[ 22/324] tau=  0ms wheels oracle   pid_table3  arr=100.00% div=  0 medE=  1129.7 med_t=  5.89s (16.7s)
[ 23/324] tau=  0ms all    oracle   ours_bptt   arr=100.00% div=  0 medE=   395.6 med_t=  3.61s (4.0s)
[ 24/324] tau=  0ms all    oracle   ours_dr     arr=100.00% div=  0 medE=   576.7 med_t=  4.66s (5.7s)
[ 25/324] tau=  0ms all    oracle   pnn_bf      arr=100.00% div=  0 medE=   316.6 med_t=  3.11s (6.4s)
[ 26/324] tau=  0ms all    oracle   lyap1       arr=100.00% div=  0 medE=   434.2 med_t=  3.68s (4.8s)
[ 27/324] tau=  0ms wheels measured pid_table3  arr=100.00% div=  0 medE=  1129.7 med_t=  5.89s (12.5s)
[ 28/324] tau=  0ms wheels measured lyap2       arr=100.00% div=  0 medE=   908.3 med_t=  6.87s (13.9s)
[ 29/324] tau=  0ms all    measured ours_bptt   arr=100.00% div=  0 medE=   395.6 med_t=  3.61s (5.0s)
[ 30/324] tau=  0ms all    oracle   lyap2       arr=100.00% div=  0 medE=   908.3 med_t=  6.87s (9.2s)
[ 31/324] tau=  0ms all    measured pnn_bf      arr=100.00% div=  0 medE=   316.6 med_t=  3.11s (6.3s)
[ 32/324] tau=  0ms all    measured ours_dr     arr=100.00% div=  0 medE=   576.7 med_t=  4.66s (9.5s)
[ 33/324] tau=  0ms all    measured lyap1       arr=100.00% div=  0 medE=   434.2 med_t=  3.68s (6.3s)
[ 34/324] tau=  0ms all    oracle   pid_table3  arr=100.00% div=  0 medE=  1129.7 med_t=  5.89s (15.3s)
[ 35/324] tau= 10ms pose   oracle   ours_bptt   arr=100.00% div=  0 medE=   409.4 med_t=  3.60s (8.4s)
[ 36/324] tau=  0ms all    measured lyap2       arr=100.00% div=  0 medE=   908.3 med_t=  6.87s (14.2s)
[ 37/324] tau= 10ms pose   oracle   ours_dr     arr=100.00% div=  0 medE=   576.9 med_t=  4.61s (11.2s)
[ 38/324] tau= 10ms pose   oracle   pnn_bf      arr=100.00% div=  0 medE=   329.3 med_t=  3.10s (9.7s)
[ 39/324] tau= 10ms pose   oracle   lyap1       arr=100.00% div=  0 medE=   439.5 med_t=  3.63s (10.0s)
[ 40/324] tau=  0ms all    measured pid_table3  arr=100.00% div=  0 medE=  1129.7 med_t=  5.89s (24.7s)
[ 41/324] tau= 10ms pose   measured ours_bptt   arr=100.00% div=  0 medE=   410.0 med_t=  3.61s (9.1s)
[ 42/324] tau= 10ms pose   oracle   lyap2       arr=100.00% div=  0 medE=   901.7 med_t=  6.83s (14.5s)
[ 43/324] tau= 10ms pose   measured ours_dr     arr=100.00% div=  0 medE=   578.5 med_t=  4.62s (12.2s)
[ 44/324] tau= 10ms pose   oracle   pid_table3  arr=100.00% div=  0 medE=  1165.1 med_t=  5.89s (19.4s)
[ 45/324] tau= 10ms pose   measured pnn_bf      arr=100.00% div=  0 medE=   333.3 med_t=  3.11s (9.4s)
[ 46/324] tau= 10ms pose   measured lyap1       arr=100.00% div=  0 medE=   441.5 med_t=  3.64s (9.4s)
[ 47/324] tau= 10ms pose   measured lyap2       arr=100.00% div=  0 medE=   903.3 med_t=  6.84s (13.7s)
[ 48/324] tau= 10ms wheels oracle   ours_bptt   arr=100.00% div=  0 medE=   387.8 med_t=  3.64s (7.8s)
[ 49/324] tau= 10ms wheels oracle   pnn_bf      arr=100.00% div=  0 medE=   322.1 med_t=  3.14s (7.8s)
[ 50/324] tau= 10ms wheels oracle   ours_dr     arr=100.00% div=  0 medE=   581.1 med_t=  4.72s (9.8s)
[ 51/324] tau= 10ms wheels oracle   lyap1       arr=100.00% div=  0 medE=   430.0 med_t=  3.74s (7.5s)
[ 52/324] tau= 10ms pose   measured pid_table3  arr=100.00% div=  0 medE=  1166.6 med_t=  5.91s (14.8s)
[ 53/324] tau= 10ms wheels measured ours_bptt   arr=100.00% div=  0 medE=   387.8 med_t=  3.64s (5.8s)
[ 54/324] tau= 10ms wheels measured pnn_bf      arr=100.00% div=  0 medE=   322.1 med_t=  3.14s (5.5s)
[ 55/324] tau= 10ms wheels measured ours_dr     arr=100.00% div=  0 medE=   581.1 med_t=  4.72s (6.8s)
[ 56/324] tau= 10ms wheels measured lyap1       arr=100.00% div=  0 medE=   430.0 med_t=  3.74s (5.5s)
[ 57/324] tau= 10ms wheels oracle   lyap2       arr=100.00% div=  0 medE=   913.4 med_t=  6.91s (15.2s)
[ 58/324] tau= 10ms wheels oracle   pid_table3  arr=100.00% div=  0 medE=  1105.3 med_t=  5.87s (13.9s)
[ 59/324] tau= 10ms all    oracle   pnn_bf      arr=100.00% div=  0 medE=   331.3 med_t=  3.13s (4.4s)
[ 60/324] tau= 10ms all    oracle   ours_bptt   arr=100.00% div=  0 medE=   390.4 med_t=  3.63s (6.2s)
[ 61/324] tau= 10ms wheels measured lyap2       arr=100.00% div=  0 medE=   913.4 med_t=  6.91s (8.4s)
[ 62/324] tau= 10ms wheels measured pid_table3  arr=100.00% div=  0 medE=  1105.3 med_t=  5.87s (7.9s)
[ 63/324] tau= 10ms all    oracle   lyap1       arr=100.00% div=  0 medE=   433.1 med_t=  3.68s (2.4s)
[ 64/324] tau= 10ms all    oracle   ours_dr     arr=100.00% div=  0 medE=   581.7 med_t=  4.67s (7.4s)
[ 65/324] tau= 10ms all    measured ours_bptt   arr=100.00% div=  0 medE=   390.7 med_t=  3.64s (2.0s)
[ 66/324] tau= 10ms all    measured pnn_bf      arr=100.00% div=  0 medE=   334.4 med_t=  3.14s (4.3s)
[ 67/324] tau= 10ms all    measured ours_dr     arr=100.00% div=  0 medE=   583.1 med_t=  4.68s (4.8s)
[ 68/324] tau= 10ms all    measured lyap1       arr=100.00% div=  0 medE=   434.2 med_t=  3.69s (4.0s)
[ 69/324] tau= 10ms all    oracle   pid_table3  arr=100.00% div=  0 medE=  1125.0 med_t=  5.88s (7.3s)
[ 70/324] tau= 10ms all    oracle   lyap2       arr=100.00% div=  0 medE=   907.7 med_t=  6.87s (10.9s)
[ 71/324] tau= 20ms pose   oracle   ours_bptt   arr=100.00% div=  0 medE=   421.1 med_t=  3.58s (5.1s)
[ 72/324] tau= 20ms pose   oracle   ours_dr     arr=100.00% div=  0 medE=   578.4 med_t=  4.55s (10.5s)
[ 73/324] tau= 20ms pose   oracle   pnn_bf      arr=100.00% div=  0 medE=   337.8 med_t=  3.10s (7.1s)
[ 74/324] tau= 20ms pose   oracle   lyap1       arr=100.00% div=  0 medE=   446.9 med_t=  3.59s (6.2s)
[ 75/324] tau= 10ms all    measured lyap2       arr=100.00% div=  0 medE=   909.3 med_t=  6.88s (12.6s)
[ 76/324] tau= 10ms all    measured pid_table3  arr=100.00% div=  0 medE=  1127.7 med_t=  5.89s (18.0s)
[ 77/324] tau= 20ms pose   measured ours_bptt   arr=100.00% div=  0 medE=   424.0 med_t=  3.60s (6.7s)
[ 78/324] tau= 20ms pose   measured ours_dr     arr=100.00% div=  0 medE=   580.6 med_t=  4.57s (13.2s)
[ 79/324] tau= 20ms pose   measured pnn_bf      arr=100.00% div=  0 medE=   342.0 med_t=  3.12s (11.3s)
[ 80/324] tau= 20ms pose   measured lyap1       arr=100.00% div=  0 medE=   450.5 med_t=  3.61s (12.7s)
[ 81/324] tau= 20ms pose   oracle   lyap2       arr=100.00% div=  0 medE=   897.3 med_t=  6.80s (19.9s)
[ 82/324] tau= 20ms pose   oracle   pid_table3  arr=100.00% div=  0 medE=  1192.9 med_t=  5.91s (27.0s)
[ 83/324] tau= 20ms wheels oracle   ours_bptt   arr=100.00% div=  0 medE=   394.0 med_t=  3.68s (10.0s)
[ 84/324] tau= 20ms pose   measured lyap2       arr=100.00% div=  0 medE=   900.5 med_t=  6.82s (20.2s)
[ 85/324] tau= 20ms wheels oracle   ours_dr     arr=100.00% div=  0 medE=   586.2 med_t=  4.78s (16.0s)
[ 86/324] tau= 20ms wheels oracle   pnn_bf      arr=100.00% div=  0 medE=   333.9 med_t=  3.17s (11.2s)
[ 87/324] tau= 20ms wheels oracle   lyap1       arr=100.00% div=  0 medE=   430.5 med_t=  3.80s (9.2s)
[ 88/324] tau= 20ms pose   measured pid_table3  arr=100.00% div=  0 medE=  1198.4 med_t=  5.93s (23.9s)
[ 89/324] tau= 20ms wheels measured ours_bptt   arr=100.00% div=  0 medE=   394.0 med_t=  3.68s (6.5s)
[ 90/324] tau= 20ms wheels measured ours_dr     arr=100.00% div=  0 medE=   586.2 med_t=  4.78s (8.2s)
[ 91/324] tau= 20ms wheels measured pnn_bf      arr=100.00% div=  0 medE=   333.9 med_t=  3.17s (5.5s)
[ 92/324] tau= 20ms wheels measured lyap1       arr=100.00% div=  0 medE=   430.5 med_t=  3.80s (6.1s)
[ 93/324] tau= 20ms wheels oracle   pid_table3  arr=100.00% div=  0 medE=  1090.0 med_t=  5.86s (16.1s)
[ 94/324] tau= 20ms wheels oracle   lyap2       arr=100.00% div=  0 medE=   920.0 med_t=  6.94s (18.7s)
[ 95/324] tau= 20ms all    oracle   ours_bptt   arr=100.00% div=  0 medE=   385.0 med_t=  3.66s (2.6s)
[ 96/324] tau= 20ms wheels measured pid_table3  arr=100.00% div=  0 medE=  1090.0 med_t=  5.86s (8.2s)
[ 97/324] tau= 20ms all    oracle   lyap1       arr=100.00% div=  0 medE=   432.9 med_t=  3.68s (2.8s)
[ 98/324] tau= 20ms all    oracle   ours_dr     arr=100.00% div=  0 medE=   582.8 med_t=  4.69s (5.7s)
[ 99/324] tau= 20ms wheels measured lyap2       arr=100.00% div=  0 medE=   920.0 med_t=  6.94s (11.5s)
[100/324] tau= 20ms all    oracle   pnn_bf      arr=100.00% div=  0 medE=   341.6 med_t=  3.15s (5.8s)
[101/324] tau= 20ms all    measured ours_bptt   arr=100.00% div=  0 medE=   386.7 med_t=  3.68s (4.8s)
[102/324] tau= 20ms all    measured pnn_bf      arr=100.00% div=  0 medE=   348.2 med_t=  3.17s (4.3s)
[103/324] tau= 20ms all    oracle   lyap2       arr=100.00% div=  0 medE=   909.0 med_t=  6.88s (9.2s)
[104/324] tau= 20ms all    measured lyap1       arr=100.00% div=  0 medE=   435.8 med_t=  3.70s (5.8s)
[105/324] tau= 20ms all    measured ours_dr     arr=100.00% div=  0 medE=   586.3 med_t=  4.71s (11.6s)
[106/324] tau= 20ms all    oracle   pid_table3  arr=100.00% div=  0 medE=  1120.3 med_t=  5.86s (16.8s)
[107/324] tau= 20ms all    measured lyap2       arr=100.00% div=  0 medE=   912.2 med_t=  6.90s (11.2s)
[108/324] tau= 50ms pose   oracle   ours_bptt   arr=100.00% div=  0 medE=   438.3 med_t=  3.58s (7.5s)
[109/324] tau= 20ms all    measured pid_table3  arr=100.00% div=  0 medE=  1126.7 med_t=  5.88s (15.7s)
[110/324] tau= 50ms pose   oracle   pnn_bf      arr=100.00% div=  0 medE=   436.5 med_t=  3.15s (8.8s)
[111/324] tau= 50ms pose   oracle   lyap1       arr=100.00% div=  0 medE=   474.9 med_t=  3.52s (9.6s)
[112/324] tau= 50ms pose   oracle   ours_dr     arr=100.00% div=  0 medE=   592.1 med_t=  4.48s (15.3s)
[113/324] tau= 50ms pose   measured ours_bptt   arr=100.00% div=  0 medE=   436.9 med_t=  3.63s (8.0s)
[114/324] tau= 50ms pose   oracle   lyap2       arr=100.00% div=  0 medE=   890.9 med_t=  6.68s (21.1s)
[115/324] tau= 50ms pose   measured ours_dr     arr=100.00% div=  0 medE=   596.1 med_t=  4.53s (14.9s)
[116/324] tau= 50ms pose   measured pnn_bf      arr=100.00% div=  0 medE=   477.2 med_t=  3.20s (14.6s)
[117/324] tau= 50ms pose   measured lyap1       arr=100.00% div=  0 medE=   476.7 med_t=  3.57s (11.5s)
[118/324] tau= 50ms pose   oracle   pid_table3  arr=100.00% div=  0 medE=  1283.4 med_t=  5.97s (22.9s)
[119/324] tau= 50ms wheels oracle   ours_bptt   arr=100.00% div=  0 medE=   457.2 med_t=  3.83s (10.9s)
[120/324] tau= 50ms wheels oracle   pnn_bf      arr=100.00% div=  0 medE=   360.8 med_t=  3.32s (9.1s)
[121/324] tau= 50ms wheels oracle   ours_dr     arr=100.00% div=  0 medE=   606.0 med_t=  4.96s (12.4s)
[122/324] tau= 50ms pose   measured lyap2       arr=100.00% div=  0 medE=   898.5 med_t=  6.73s (20.2s)
[123/324] tau= 50ms wheels oracle   lyap1       arr=100.00% div=  0 medE=   445.8 med_t=  3.99s (7.8s)
[124/324] tau= 50ms pose   measured pid_table3  arr=100.00% div=  0 medE=  1307.2 med_t=  6.02s (21.3s)
[125/324] tau= 50ms wheels oracle   lyap2       arr=100.00% div=  0 medE=   939.3 med_t=  7.07s (9.9s)
[126/324] tau= 50ms wheels measured ours_bptt   arr=100.00% div=  0 medE=   457.2 med_t=  3.83s (5.9s)
[127/324] tau= 50ms wheels measured pnn_bf      arr=100.00% div=  0 medE=   360.8 med_t=  3.32s (4.9s)
[128/324] tau= 50ms wheels measured ours_dr     arr=100.00% div=  0 medE=   606.0 med_t=  4.96s (8.1s)
[129/324] tau= 50ms wheels oracle   pid_table3  arr=100.00% div=  0 medE=  1028.8 med_t=  5.85s (13.7s)
[130/324] tau= 50ms wheels measured lyap1       arr=100.00% div=  0 medE=   445.8 med_t=  3.99s (9.5s)
[131/324] tau= 50ms all    oracle   ours_bptt   arr=100.00% div=  0 medE=   475.7 med_t=  3.77s (5.0s)
[132/324] tau= 50ms all    oracle   ours_dr     arr=100.00% div=  0 medE=   600.2 med_t=  4.75s (6.8s)
[133/324] tau= 50ms wheels measured lyap2       arr=100.00% div=  0 medE=   939.3 med_t=  7.07s (13.3s)
[134/324] tau= 50ms all    oracle   lyap1       arr=100.00% div=  0 medE=   439.1 med_t=  3.72s (4.9s)
[135/324] tau= 50ms all    oracle   pnn_bf      arr=100.00% div=  0 medE=   400.9 med_t=  3.24s (5.3s)
[136/324] tau= 50ms all    measured ours_bptt   arr=100.00% div=  0 medE=   487.2 med_t=  3.81s (5.1s)
[137/324] tau= 50ms wheels measured pid_table3  arr=100.00% div=  0 medE=  1028.8 med_t=  5.85s (17.8s)
[138/324] tau= 50ms all    measured ours_dr     arr=100.00% div=  0 medE=   611.0 med_t=  4.80s (8.3s)
[139/324] tau= 50ms all    oracle   lyap2       arr=100.00% div=  0 medE=   919.0 med_t=  6.90s (12.7s)
[140/324] tau= 50ms all    oracle   pid_table3  arr=100.00% div=  0 medE=  1106.4 med_t=  5.82s (11.1s)
[141/324] tau= 50ms all    measured pnn_bf      arr=100.00% div=  0 medE=   420.9 med_t=  3.29s (6.1s)
[142/324] tau= 50ms all    measured lyap1       arr=100.00% div=  0 medE=   446.9 med_t=  3.77s (10.4s)
[143/324] tau=100ms pose   oracle   ours_bptt   arr=100.00% div=  0 medE=   675.6 med_t=  3.92s (9.0s)
[144/324] tau=100ms pose   oracle   ours_dr     arr=100.00% div=  0 medE=   683.1 med_t=  4.65s (13.2s)
[145/324] tau= 50ms all    measured lyap2       arr=100.00% div=  0 medE=   926.9 med_t=  6.95s (16.9s)
[146/324] tau=100ms pose   oracle   pnn_bf      arr=100.00% div=  0 medE=   797.4 med_t=  3.48s (12.1s)
[147/324] tau=100ms pose   oracle   lyap1       arr=100.00% div=  0 medE=   552.8 med_t=  3.46s (11.5s)
[148/324] tau= 50ms all    measured pid_table3  arr=100.00% div=  0 medE=  1130.9 med_t=  5.87s (25.0s)
[149/324] tau=100ms pose   measured ours_bptt   arr=100.00% div=  0 medE=   718.3 med_t=  4.02s (11.3s)
[150/324] tau=100ms pose   oracle   lyap2       arr=100.00% div=  0 medE=   886.1 med_t=  6.57s (19.0s)
[151/324] tau=100ms pose   oracle   pid_table3  arr=100.00% div=  0 medE=  1424.8 med_t=  6.25s (19.5s)
[152/324] tau=100ms pose   measured ours_dr     arr=100.00% div=  0 medE=   687.5 med_t=  4.75s (14.0s)
[153/324] tau=100ms pose   measured pnn_bf      arr=100.00% div=  0 medE=   844.1 med_t=  3.58s (11.9s)
[154/324] tau=100ms pose   measured lyap1       arr=100.00% div=  0 medE=   558.4 med_t=  3.56s (10.1s)
[155/324] tau=100ms wheels oracle   ours_bptt   arr=100.00% div=  0 medE=   496.4 med_t=  4.11s (9.9s)
[156/324] tau=100ms pose   measured lyap2       arr=100.00% div=  0 medE=   903.6 med_t=  6.67s (12.8s)
[157/324] tau=100ms wheels oracle   pnn_bf      arr=100.00% div=  0 medE=   415.1 med_t=  3.62s (9.3s)
[158/324] tau=100ms wheels oracle   lyap1       arr=100.00% div=  0 medE=   505.4 med_t=  4.23s (6.2s)
[159/324] tau=100ms wheels oracle   ours_dr     arr=100.00% div=  0 medE=   638.9 med_t=  5.19s (15.4s)
[160/324] tau=100ms pose   measured pid_table3  arr=100.00% div=  0 medE=  1440.6 med_t=  6.35s (20.8s)
[161/324] tau=100ms wheels measured ours_bptt   arr=100.00% div=  0 medE=   496.4 med_t=  4.11s (4.9s)
[162/324] tau=100ms wheels oracle   lyap2       arr=100.00% div=  0 medE=   969.2 med_t=  7.26s (12.9s)
[163/324] tau=100ms wheels measured lyap1       arr=100.00% div=  0 medE=   505.4 med_t=  4.23s (4.4s)
[164/324] tau=100ms wheels oracle   pid_table3  arr=100.00% div=  0 medE=   990.1 med_t=  5.84s (12.8s)
[165/324] tau=100ms wheels measured ours_dr     arr=100.00% div=  0 medE=   638.9 med_t=  5.19s (11.3s)
[166/324] tau=100ms wheels measured pnn_bf      arr=100.00% div=  0 medE=   415.1 med_t=  3.62s (8.2s)
[167/324] tau=100ms all    oracle   ours_bptt   arr=100.00% div=  0 medE=   578.5 med_t=  4.19s (6.9s)
[168/324] tau=100ms wheels measured lyap2       arr=100.00% div=  0 medE=   969.2 med_t=  7.26s (10.3s)
[169/324] tau=100ms all    oracle   pnn_bf      arr=100.00% div=  0 medE=   541.8 med_t=  3.59s (8.4s)
[170/324] tau=100ms all    oracle   ours_dr     arr=100.00% div=  0 medE=   691.7 med_t=  5.01s (11.2s)
[171/324] tau=100ms wheels measured pid_table3  arr=100.00% div=  0 medE=   990.1 med_t=  5.84s (14.9s)
[172/324] tau=100ms all    oracle   lyap1       arr=100.00% div=  0 medE=   450.1 med_t=  3.80s (10.5s)
[173/324] tau=100ms all    measured ours_dr     arr=100.00% div=  0 medE=   706.7 med_t=  5.11s (10.3s)
[174/324] tau=100ms all    oracle   lyap2       arr=100.00% div=  0 medE=   942.3 med_t=  6.96s (17.0s)
[175/324] tau=100ms all    measured ours_bptt   arr=100.00% div=  0 medE=   596.1 med_t=  4.29s (12.0s)
[176/324] tau=100ms all    measured pnn_bf      arr=100.00% div=  0 medE=   583.3 med_t=  3.69s (12.4s)
[177/324] tau=100ms all    measured lyap1       arr=100.00% div=  0 medE=   464.2 med_t=  3.90s (7.3s)
[178/324] tau=100ms all    oracle   pid_table3  arr=100.00% div=  0 medE=  1067.1 med_t=  5.75s (21.3s)
[179/324] tau=125ms pose   oracle   pnn_bf      arr=100.00% div=  0 medE=   856.5 med_t=  3.96s (8.5s)
[180/324] tau=100ms all    measured lyap2       arr=100.00% div=  0 medE=   955.6 med_t=  7.06s (16.6s)
[181/324] tau=125ms pose   oracle   ours_bptt   arr=100.00% div=  0 medE=   859.7 med_t=  4.37s (12.8s)
[182/324] tau=125ms pose   oracle   ours_dr     arr=100.00% div=  0 medE=   784.6 med_t=  4.93s (13.6s)
[183/324] tau=125ms pose   oracle   lyap1       arr=100.00% div=  0 medE=   594.5 med_t=  3.49s (6.0s)
[184/324] tau=100ms all    measured pid_table3  arr=100.00% div=  0 medE=  1117.9 med_t=  5.85s (21.1s)
[185/324] tau=125ms pose   oracle   lyap2       arr=100.00% div=  0 medE=   896.5 med_t=  6.57s (13.5s)
[186/324] tau=125ms pose   measured ours_bptt   arr=100.00% div=  0 medE=   884.4 med_t=  4.49s (11.4s)
[187/324] tau=125ms pose   measured ours_dr     arr=100.00% div=  0 medE=   807.5 med_t=  5.05s (10.0s)
[188/324] tau=125ms pose   measured pnn_bf      arr=100.00% div=  0 medE=   969.9 med_t=  4.08s (10.0s)
[189/324] tau=125ms pose   oracle   pid_table3  arr=100.00% div=  0 medE=  1452.0 med_t=  6.32s (14.0s)
[190/324] tau=125ms pose   measured lyap1       arr=100.00% div=  0 medE=   632.6 med_t=  3.62s (7.0s)
[191/324] tau=125ms wheels oracle   ours_bptt   arr=100.00% div=  0 medE=   506.6 med_t=  4.26s (7.2s)
[192/324] tau=125ms wheels oracle   ours_dr     arr=100.00% div=  0 medE=   656.6 med_t=  5.32s (6.9s)
[193/324] tau=125ms pose   measured lyap2       arr=100.00% div=  0 medE=   922.9 med_t=  6.69s (10.4s)
[194/324] tau=125ms wheels oracle   pnn_bf      arr=100.00% div=  0 medE=   449.3 med_t=  3.77s (7.7s)
[195/324] tau=125ms pose   measured pid_table3  arr=100.00% div=  0 medE=  1508.7 med_t=  6.44s (15.9s)
[196/324] tau=125ms wheels oracle   lyap1       arr=100.00% div=  0 medE=   528.7 med_t=  4.37s (9.6s)
[197/324] tau=125ms wheels measured ours_bptt   arr=100.00% div=  0 medE=   506.6 med_t=  4.26s (8.2s)
[198/324] tau=125ms wheels oracle   lyap2       arr=100.00% div=  0 medE=   984.0 med_t=  7.36s (15.1s)
[199/324] tau=125ms wheels measured ours_dr     arr=100.00% div=  0 medE=   656.6 med_t=  5.32s (9.9s)
[200/324] tau=125ms wheels oracle   pid_table3  arr=100.00% div=  0 medE=   983.7 med_t=  5.89s (15.7s)
[201/324] tau=125ms wheels measured pnn_bf      arr=100.00% div=  0 medE=   449.3 med_t=  3.77s (11.2s)
[202/324] tau=125ms wheels measured lyap1       arr=100.00% div=  0 medE=   528.7 med_t=  4.37s (8.5s)
[203/324] tau=125ms all    oracle   ours_bptt   arr=100.00% div=  0 medE=   774.1 med_t=  4.78s (10.8s)
[204/324] tau=125ms wheels measured lyap2       arr=100.00% div=  0 medE=   984.0 med_t=  7.36s (15.3s)
[205/324] tau=125ms all    oracle   pnn_bf      arr=100.00% div=  0 medE=   626.9 med_t=  3.92s (8.5s)
[206/324] tau=125ms all    oracle   ours_dr     arr=100.00% div=  0 medE=   810.4 med_t=  5.43s (13.8s)
[207/324] tau=125ms all    oracle   lyap1       arr=100.00% div=  0 medE=   473.4 med_t=  3.88s (7.0s)
[208/324] tau=125ms wheels measured pid_table3  arr=100.00% div=  0 medE=   983.7 med_t=  5.89s (18.2s)
[209/324] tau=125ms all    measured ours_bptt   arr=100.00% div=  0 medE=   815.9 med_t=  4.90s (8.5s)
[210/324] tau=125ms all    oracle   lyap2       arr=100.00% div=  0 medE=   968.5 med_t=  7.04s (13.3s)
[211/324] tau=125ms all    measured pnn_bf      arr=100.00% div=  0 medE=   665.2 med_t=  4.05s (10.2s)
[212/324] tau=125ms all    oracle   pid_table3  arr=100.00% div=  0 medE=  1056.7 med_t=  5.72s (16.9s)
[213/324] tau=125ms all    measured ours_dr     arr=100.00% div=  0 medE=   831.0 med_t=  5.55s (14.0s)
[214/324] tau=125ms all    measured lyap1       arr=100.00% div=  0 medE=   489.3 med_t=  4.01s (7.9s)
[215/324] tau=150ms pose   oracle   ours_bptt   arr=100.00% div=  0 medE=  1019.2 med_t=  5.09s (7.9s)
[216/324] tau=125ms all    measured lyap2       arr=100.00% div=  0 medE=   983.9 med_t=  7.17s (12.0s)
[217/324] tau=150ms pose   oracle   pnn_bf      arr=100.00% div=  0 medE=  1125.5 med_t=  4.67s (6.6s)
[218/324] tau=150ms pose   oracle   ours_dr     arr=100.00% div=  0 medE=   943.8 med_t=  5.47s (8.8s)
[219/324] tau=150ms pose   oracle   lyap1       arr=100.00% div=  0 medE=   699.8 med_t=  3.60s (5.7s)
[220/324] tau=125ms all    measured pid_table3  arr=100.00% div=  0 medE=  1120.0 med_t=  5.84s (15.8s)
[221/324] tau=150ms pose   oracle   lyap2       arr=100.00% div=  0 medE=   935.8 med_t=  6.58s (7.6s)
[222/324] tau=150ms pose   oracle   pid_table3  arr=100.00% div=  0 medE=  1525.6 med_t=  6.39s (7.7s)
[223/324] tau=150ms pose   measured ours_bptt   arr=100.00% div=  0 medE=  1048.9 med_t=  5.24s (8.8s)
[224/324] tau=150ms pose   measured pnn_bf      arr=100.00% div=  0 medE=  1109.2 med_t=  4.82s (7.9s)
[225/324] tau=150ms pose   measured ours_dr     arr=100.00% div=  0 medE=   987.9 med_t=  5.62s (9.5s)
[226/324] tau=150ms pose   measured lyap1       arr=100.00% div=  0 medE=   782.5 med_t=  3.75s (8.8s)
[227/324] tau=150ms pose   measured lyap2       arr=100.00% div=  0 medE=   963.4 med_t=  6.73s (12.2s)
[228/324] tau=150ms wheels oracle   ours_bptt   arr=100.00% div=  0 medE=   540.7 med_t=  4.40s (7.6s)
[229/324] tau=150ms wheels oracle   ours_dr     arr=100.00% div=  0 medE=   676.6 med_t=  5.43s (9.6s)
[230/324] tau=150ms pose   measured pid_table3  arr=100.00% div=  0 medE=  1642.5 med_t=  6.54s (14.1s)
[231/324] tau=150ms wheels oracle   pnn_bf      arr=100.00% div=  0 medE=   461.3 med_t=  3.92s (9.9s)
[232/324] tau=150ms wheels oracle   lyap1       arr=100.00% div=  0 medE=   558.4 med_t=  4.49s (6.9s)
[233/324] tau=150ms wheels oracle   lyap2       arr=100.00% div=  0 medE=   999.1 med_t=  7.46s (7.8s)
[234/324] tau=150ms wheels measured ours_bptt   arr=100.00% div=  0 medE=   540.7 med_t=  4.40s (5.4s)
[235/324] tau=150ms wheels measured ours_dr     arr=100.00% div=  0 medE=   676.6 med_t=  5.43s (6.1s)
[236/324] tau=150ms wheels measured lyap1       arr=100.00% div=  0 medE=   558.4 med_t=  4.49s (3.7s)
[237/324] tau=150ms wheels oracle   pid_table3  arr=100.00% div=  0 medE=   971.3 med_t=  5.91s (10.3s)
[238/324] tau=150ms wheels measured pnn_bf      arr=100.00% div=  0 medE=   461.3 med_t=  3.92s (6.7s)
[239/324] tau=150ms wheels measured pid_table3  arr=100.00% div=  0 medE=   971.3 med_t=  5.91s (5.0s)
[240/324] tau=150ms all    oracle   ours_bptt   arr=100.00% div=  0 medE=  1123.3 med_t=  6.19s (4.1s)
[241/324] tau=150ms wheels measured lyap2       arr=100.00% div=  0 medE=   999.1 med_t=  7.46s (8.0s)
[242/324] tau=150ms all    oracle   lyap1       arr=100.00% div=  0 medE=   509.9 med_t=  3.98s (2.4s)
[243/324] tau=150ms all    oracle   pnn_bf      arr=100.00% div=  0 medE=   849.3 med_t=  4.72s (6.9s)
[244/324] tau=150ms all    oracle   lyap2       arr=100.00% div=  0 medE=  1024.2 med_t=  7.30s (4.4s)
[245/324] tau=150ms all    measured ours_bptt   arr=100.00% div=  0 medE=  1174.4 med_t=  6.34s (4.2s)
[246/324] tau=150ms all    oracle   ours_dr     arr=100.00% div=  0 medE=  1132.9 med_t=  6.61s (9.8s)
[247/324] tau=150ms all    measured pnn_bf      arr=100.00% div=  0 medE=   916.8 med_t=  4.87s (3.0s)
[248/324] tau=150ms all    measured lyap1       arr=100.00% div=  0 medE=   546.2 med_t=  4.13s (2.5s)
[249/324] tau=150ms all    oracle   pid_table3  arr=100.00% div=  0 medE=  1043.4 med_t=  5.67s (9.5s)
[250/324] tau=150ms all    measured pid_table3  arr=100.00% div=  0 medE=  1112.3 med_t=  5.82s (5.2s)
[251/324] tau=175ms pose   oracle   ours_bptt   arr=100.00% div=  0 medE=  1264.9 med_t=  6.18s (4.2s)
[252/324] tau=150ms all    measured ours_dr     arr=100.00% div=  0 medE=  1155.8 med_t=  6.76s (10.0s)
[253/324] tau=175ms pose   oracle   lyap1       arr=100.00% div=  0 medE=   916.3 med_t=  3.87s (2.5s)
[254/324] tau=175ms pose   oracle   pnn_bf      arr=100.00% div=  0 medE=  1175.8 med_t=  5.26s (3.2s)
[255/324] tau=150ms all    measured lyap2       arr=100.00% div=  0 medE=  1036.9 med_t=  7.45s (10.4s)
[256/324] tau=175ms pose   oracle   ours_dr     arr=100.00% div=  0 medE=  1167.3 med_t=  6.35s (7.5s)
[257/324] tau=175ms pose   oracle   pid_table3  arr=100.00% div=  0 medE=  1546.1 med_t=  6.42s (4.5s)
[258/324] tau=175ms pose   measured ours_bptt   arr=100.00% div=  0 medE=  1305.2 med_t=  6.35s (4.3s)
[259/324] tau=175ms pose   measured lyap1       arr=100.00% div=  0 medE=  1020.7 med_t=  4.04s (2.6s)
[260/324] tau=175ms pose   oracle   lyap2       arr=100.00% div=  0 medE=  1006.5 med_t=  6.67s (9.6s)
[261/324] tau=175ms pose   measured lyap2       arr=100.00% div=  0 medE=  1045.0 med_t=  6.85s (4.3s)
[262/324] tau=175ms pose   measured pnn_bf      arr=100.00% div=  0 medE=  1209.5 med_t=  5.44s (6.4s)
[263/324] tau=175ms pose   measured ours_dr     arr=100.00% div=  0 medE=  1189.3 med_t=  6.52s (9.7s)
[264/324] tau=175ms pose   measured pid_table3  arr=100.00% div=  0 medE=  1742.2 med_t=  6.60s (4.6s)
[265/324] tau=175ms wheels oracle   ours_dr     arr=100.00% div=  0 medE=   702.0 med_t=  5.58s (3.4s)
[266/324] tau=175ms wheels oracle   ours_bptt   arr=100.00% div=  0 medE=   570.6 med_t=  4.56s (6.0s)
[267/324] tau=175ms wheels oracle   pnn_bf      arr=100.00% div=  0 medE=   478.4 med_t=  4.08s (4.7s)
[268/324] tau=175ms wheels oracle   lyap2       arr=100.00% div=  0 medE=  1013.8 med_t=  7.57s (4.4s)
[269/324] tau=175ms wheels oracle   pid_table3  arr=100.00% div=  0 medE=   967.2 med_t=  5.94s (5.0s)
[270/324] tau=175ms wheels oracle   lyap1       arr=100.00% div=  0 medE=   583.7 med_t=  4.60s (6.4s)
[271/324] tau=175ms wheels measured pnn_bf      arr=100.00% div=  0 medE=   478.4 med_t=  4.08s (2.6s)
[272/324] tau=175ms wheels measured lyap1       arr=100.00% div=  0 medE=   583.7 med_t=  4.60s (2.7s)
[273/324] tau=175ms wheels measured ours_bptt   arr=100.00% div=  0 medE=   570.6 med_t=  4.56s (6.0s)
[274/324] tau=175ms wheels measured ours_dr     arr=100.00% div=  0 medE=   702.0 med_t=  5.58s (6.3s)
[275/324] tau=175ms wheels measured pid_table3  arr=100.00% div=  0 medE=   967.2 med_t=  5.94s (5.1s)
[276/324] tau=175ms all    oracle   lyap1       arr=100.00% div=  0 medE=   610.5 med_t=  4.11s (2.6s)
[277/324] tau=175ms all    oracle   ours_bptt   arr=100.00% div=  0 medE=  1870.2 med_t= 11.38s (8.1s)
[278/324] tau=175ms wheels measured lyap2       arr=100.00% div=  0 medE=  1013.8 med_t=  7.57s (10.4s)
[279/324] tau=175ms all    oracle   pnn_bf      arr=100.00% div=  0 medE=  1301.7 med_t=  6.73s (9.4s)
[280/324] tau=175ms all    oracle   lyap2       arr=100.00% div=  0 medE=  1175.0 med_t=  7.76s (4.9s)
[281/324] tau=175ms all    oracle   pid_table3  arr=100.00% div=  0 medE=  1029.9 med_t=  5.62s (5.1s)
[282/324] tau=175ms all    measured lyap1       arr=100.00% div=  0 medE=   637.0 med_t=  4.29s (2.7s)
[283/324] tau=175ms all    measured pnn_bf      arr=100.00% div=  0 medE=  1357.7 med_t=  6.91s (5.2s)
[284/324] tau=175ms all    oracle   ours_dr     arr=100.00% div=  0 medE=  1849.4 med_t= 11.31s (16.4s)
[285/324] tau=175ms all    measured ours_dr     arr=100.00% div=  0 medE=  1928.1 med_t= 11.49s (16.3s)
[286/324] tau=175ms all    measured pid_table3  arr=100.00% div=  0 medE=  1119.4 med_t=  5.80s (13.3s)
[287/324] tau=200ms pose   oracle   ours_bptt   arr=100.00% div=  0 medE=  1514.5 med_t=  8.06s (17.0s)
[288/324] tau=175ms all    measured lyap2       arr=100.00% div=  0 medE=  1195.7 med_t=  7.94s (19.8s)
[289/324] tau=200ms pose   oracle   pnn_bf      arr=100.00% div=  0 medE=  1496.5 med_t=  6.18s (9.3s)
[290/324] tau=175ms all    measured ours_bptt   arr=100.00% div=  0 medE=  1894.8 med_t= 11.55s (30.7s)
[291/324] tau=200ms pose   oracle   ours_dr     arr=100.00% div=  0 medE=  1426.5 med_t=  7.85s (15.7s)
[292/324] tau=200ms pose   oracle   lyap1       arr=100.00% div=  0 medE=  1148.5 med_t=  4.38s (12.9s)
[293/324] tau=200ms pose   oracle   pid_table3  arr=100.00% div=  0 medE=  1765.0 med_t=  6.43s (12.1s)
[294/324] tau=200ms pose   oracle   lyap2       arr=100.00% div=  0 medE=  1135.4 med_t=  7.00s (18.1s)
[295/324] tau=200ms pose   measured ours_dr     arr=100.00% div=  0 medE=  1510.2 med_t=  8.05s (13.8s)
[296/324] tau=200ms pose   measured lyap1       arr=100.00% div=  0 medE=  1245.7 med_t=  4.58s (6.2s)
[297/324] tau=200ms pose   measured pnn_bf      arr=100.00% div=  0 medE=  1655.0 med_t=  6.38s (14.0s)
[298/324] tau=200ms pose   measured ours_bptt   arr=100.00% div=  0 medE=  1629.7 med_t=  8.26s (21.7s)
[299/324] tau=200ms pose   measured pid_table3  arr=100.00% div=  0 medE=  1813.1 med_t=  6.63s (8.4s)
[300/324] tau=200ms wheels oracle   ours_bptt   arr=100.00% div=  0 medE=   595.2 med_t=  4.80s (7.8s)
[301/324] tau=200ms pose   measured lyap2       arr=100.00% div=  0 medE=  1158.0 med_t=  7.20s (11.7s)
[302/324] tau=200ms wheels oracle   pnn_bf      arr=100.00% div=  0 medE=   554.8 med_t=  4.28s (5.2s)
[303/324] tau=200ms wheels oracle   lyap1       arr=100.00% div=  0 medE=   594.6 med_t=  4.71s (6.7s)
[304/324] tau=200ms wheels oracle   ours_dr     arr=100.00% div=  0 medE=   744.2 med_t=  5.76s (10.8s)
[305/324] tau=200ms wheels oracle   lyap2       arr=100.00% div=  0 medE=  1028.2 med_t=  7.69s (9.6s)
[306/324] tau=200ms wheels measured ours_bptt   arr=100.00% div=  0 medE=   595.2 med_t=  4.80s (8.8s)
[307/324] tau=200ms wheels oracle   pid_table3  arr=100.00% div=  0 medE=   972.3 med_t=  5.99s (10.8s)
[308/324] tau=200ms wheels measured pnn_bf      arr=100.00% div=  0 medE=   554.8 med_t=  4.28s (7.2s)
[309/324] tau=200ms wheels measured ours_dr     arr=100.00% div=  0 medE=   744.2 med_t=  5.76s (10.4s)
[310/324] tau=200ms wheels measured lyap2       arr=100.00% div=  0 medE=  1028.2 med_t=  7.69s (9.6s)
[311/324] tau=200ms wheels measured lyap1       arr=100.00% div=  0 medE=   594.6 med_t=  4.71s (11.1s)
[312/324] tau=200ms wheels measured pid_table3  arr=100.00% div=  0 medE=   972.3 med_t=  5.99s (15.5s)
[313/324] tau=200ms all    oracle   lyap1       arr=100.00% div=  0 medE=   716.8 med_t=  4.42s (14.7s)
[314/324] tau=200ms all    oracle   lyap2       arr=100.00% div=  0 medE=  1687.6 med_t= 10.26s (27.5s)
[315/324] tau=200ms all    oracle   pid_table3  arr=100.00% div=  0 medE=  1016.4 med_t=  5.57s (25.8s)
[316/324] tau=200ms all    oracle   pnn_bf      arr= 52.33% div=  0 medE=  2299.3 med_t= 26.86s (48.1s)
[317/324] tau=200ms all    oracle   ours_bptt   arr= 12.00% div=  0 medE=  2755.1 med_t= 30.00s (59.5s)
[318/324] tau=200ms all    measured lyap1       arr=100.00% div=  0 medE=   713.2 med_t=  4.62s (6.8s)
[319/324] tau=200ms all    oracle   ours_dr     arr= 11.33% div=  0 medE=  3099.1 med_t= 30.00s (65.9s)
[320/324] tau=200ms all    measured ours_bptt   arr= 12.00% div=  0 medE=  2761.4 med_t= 30.00s (38.0s)
[321/324] tau=200ms all    measured pid_table3  arr=100.00% div=  0 medE=  1118.1 med_t=  5.77s (19.3s)
[322/324] tau=200ms all    measured lyap2       arr=100.00% div=  0 medE=  1706.4 med_t= 10.46s (39.0s)
[323/324] tau=200ms all    measured ours_dr     arr= 11.33% div=  0 medE=  3099.1 med_t= 30.00s (60.2s)
[324/324] tau=200ms all    measured pnn_bf      arr= 52.00% div=  0 medE=  2301.0 med_t= 27.06s (56.6s)

WP7-4 DELAY SWEEP DONE  324 cells  735.8s wall
